Archive member included to satisfy reference by file (symbol)

library.a(initialize.o)       obj/main.o (ClearDisplay)
library.a(stm32f429i_discovery.o)
                              library.a(initialize.o) (BSP_PB_Init)
library.a(stm32f429i_discovery_lcd.o)
                              library.a(initialize.o) (BSP_LCD_Init)
library.a(stm32f429i_discovery_sdram.o)
                              library.a(stm32f429i_discovery_lcd.o) (BSP_SDRAM_Init)
library.a(stm32f4xx_hal.o)    library.a(initialize.o) (HAL_Init)
library.a(stm32f4xx_hal_cortex.o)
                              library.a(stm32f4xx_hal.o) (HAL_NVIC_SetPriorityGrouping)
library.a(stm32f4xx_hal_dma.o)
                              library.a(stm32f429i_discovery_sdram.o) (HAL_DMA_Init)
library.a(stm32f4xx_hal_dma2d.o)
                              library.a(stm32f429i_discovery_lcd.o) (HAL_DMA2D_Init)
library.a(stm32f4xx_hal_gpio.o)
                              library.a(stm32f429i_discovery.o) (HAL_GPIO_Init)
library.a(stm32f4xx_hal_i2c.o)
                              library.a(stm32f429i_discovery.o) (HAL_I2C_Init)
library.a(stm32f4xx_hal_ltdc.o)
                              library.a(stm32f429i_discovery_lcd.o) (HAL_LTDC_Init)
library.a(stm32f4xx_hal_rcc.o)
                              library.a(initialize.o) (HAL_RCC_OscConfig)
library.a(stm32f4xx_hal_rcc_ex.o)
                              library.a(stm32f429i_discovery_lcd.o) (HAL_RCCEx_PeriphCLKConfig)
library.a(stm32f4xx_hal_sdram.o)
                              library.a(stm32f429i_discovery_sdram.o) (HAL_SDRAM_Init)
library.a(stm32f4xx_hal_spi.o)
                              library.a(stm32f429i_discovery.o) (HAL_SPI_Init)
library.a(stm32f4xx_it.o)     library.a(initialize.o) (IncludeThis)
library.a(stm32f4xx_ll_fmc.o)
                              library.a(stm32f4xx_hal_sdram.o) (FMC_SDRAM_Init)
library.a(system_stm32f4xx.o)
                              library.a(stm32f4xx_hal_rcc.o) (SystemCoreClock)
library.a(startup_stm32f429xx.o)
                              library.a(initialize.o) (Reset_Handler)
library.a(ili9341.o)          library.a(stm32f429i_discovery_lcd.o) (ili9341_drv)
/Users/jonnylin/gcc-arm-none-eabi/bin/../lib/gcc/arm-none-eabi/8.2.1/../../../../arm-none-eabi/lib/thumb/v7e-m+fp/hard/libc.a(lib_a-exit.o)
                              /Users/jonnylin/gcc-arm-none-eabi/bin/../lib/gcc/arm-none-eabi/8.2.1/../../../../arm-none-eabi/lib/thumb/v7e-m+fp/hard/crt0.o (exit)
/Users/jonnylin/gcc-arm-none-eabi/bin/../lib/gcc/arm-none-eabi/8.2.1/../../../../arm-none-eabi/lib/thumb/v7e-m+fp/hard/libc.a(lib_a-impure.o)
                              /Users/jonnylin/gcc-arm-none-eabi/bin/../lib/gcc/arm-none-eabi/8.2.1/../../../../arm-none-eabi/lib/thumb/v7e-m+fp/hard/libc.a(lib_a-exit.o) (_global_impure_ptr)
/Users/jonnylin/gcc-arm-none-eabi/bin/../lib/gcc/arm-none-eabi/8.2.1/../../../../arm-none-eabi/lib/thumb/v7e-m+fp/hard/libc.a(lib_a-init.o)
                              /Users/jonnylin/gcc-arm-none-eabi/bin/../lib/gcc/arm-none-eabi/8.2.1/../../../../arm-none-eabi/lib/thumb/v7e-m+fp/hard/crt0.o (__libc_init_array)
/Users/jonnylin/gcc-arm-none-eabi/bin/../lib/gcc/arm-none-eabi/8.2.1/../../../../arm-none-eabi/lib/thumb/v7e-m+fp/hard/libc.a(lib_a-memset.o)
                              /Users/jonnylin/gcc-arm-none-eabi/bin/../lib/gcc/arm-none-eabi/8.2.1/../../../../arm-none-eabi/lib/thumb/v7e-m+fp/hard/crt0.o (memset)
/Users/jonnylin/gcc-arm-none-eabi/bin/../lib/gcc/arm-none-eabi/8.2.1/../../../../arm-none-eabi/lib/thumb/v7e-m+fp/hard/libc.a(lib_a-printf.o)
                              obj/main.o (printf)
/Users/jonnylin/gcc-arm-none-eabi/bin/../lib/gcc/arm-none-eabi/8.2.1/../../../../arm-none-eabi/lib/thumb/v7e-m+fp/hard/libc.a(lib_a-strcpy.o)
                              library.a(initialize.o) (strcpy)
/Users/jonnylin/gcc-arm-none-eabi/bin/../lib/gcc/arm-none-eabi/8.2.1/../../../../arm-none-eabi/lib/thumb/v7e-m+fp/hard/libc.a(lib_a-vfprintf.o)
                              /Users/jonnylin/gcc-arm-none-eabi/bin/../lib/gcc/arm-none-eabi/8.2.1/../../../../arm-none-eabi/lib/thumb/v7e-m+fp/hard/libc.a(lib_a-printf.o) (_vfprintf_r)
/Users/jonnylin/gcc-arm-none-eabi/bin/../lib/gcc/arm-none-eabi/8.2.1/../../../../arm-none-eabi/lib/thumb/v7e-m+fp/hard/libc.a(lib_a-wsetup.o)
                              /Users/jonnylin/gcc-arm-none-eabi/bin/../lib/gcc/arm-none-eabi/8.2.1/../../../../arm-none-eabi/lib/thumb/v7e-m+fp/hard/libc.a(lib_a-vfprintf.o) (__swsetup_r)
/Users/jonnylin/gcc-arm-none-eabi/bin/../lib/gcc/arm-none-eabi/8.2.1/../../../../arm-none-eabi/lib/thumb/v7e-m+fp/hard/libc.a(lib_a-__call_atexit.o)
                              /Users/jonnylin/gcc-arm-none-eabi/bin/../lib/gcc/arm-none-eabi/8.2.1/../../../../arm-none-eabi/lib/thumb/v7e-m+fp/hard/libc.a(lib_a-exit.o) (__call_exitprocs)
/Users/jonnylin/gcc-arm-none-eabi/bin/../lib/gcc/arm-none-eabi/8.2.1/../../../../arm-none-eabi/lib/thumb/v7e-m+fp/hard/libc.a(lib_a-atexit.o)
[...]
Memory Configuration

Name             Origin             Length             Attributes
ROM              0x0000000008000000 0x0000000000200000 xr
RAM              0x0000000020000000 0x0000000000030000 xrw
CCM              0x0000000010000000 0x0000000000010000 xrw
*default*        0x0000000000000000 0xffffffffffffffff

Linker script and memory map

LOAD /Users/jonnylin/gcc-arm-none-eabi/bin/../lib/gcc/arm-none-eabi/8.2.1/thumb/v7e-m+fp/hard/crti.o
LOAD /Users/jonnylin/gcc-arm-none-eabi/bin/../lib/gcc/arm-none-eabi/8.2.1/thumb/v7e-m+fp/hard/crtbegin.o
LOAD /Users/jonnylin/gcc-arm-none-eabi/bin/../lib/gcc/arm-none-eabi/8.2.1/../../../../arm-none-eabi/lib/thumb/v7e-m+fp/hard/crt0.o
LOAD obj/main.o
LOAD obj/Add1Function.o
LOAD library.a
LOAD library.a
LOAD /Users/jonnylin/gcc-arm-none-eabi/bin/../lib/gcc/arm-none-eabi/8.2.1/../../../../arm-none-eabi/lib/thumb/v7e-m+fp/hard/libc.a
LOAD /Users/jonnylin/gcc-arm-none-eabi/bin/../lib/gcc/arm-none-eabi/8.2.1/../../../../arm-none-eabi/lib/thumb/v7e-m+fp/hard/libnosys.a
LOAD /Users/jonnylin/gcc-arm-none-eabi/bin/../lib/gcc/arm-none-eabi/8.2.1/../../../../arm-none-eabi/lib/thumb/v7e-m+fp/hard/libc.a
START GROUP
LOAD /Users/jonnylin/gcc-arm-none-eabi/bin/../lib/gcc/arm-none-eabi/8.2.1/thumb/v7e-m+fp/hard/libgcc.a
LOAD /Users/jonnylin/gcc-arm-none-eabi/bin/../lib/gcc/arm-none-eabi/8.2.1/../../../../arm-none-eabi/lib/thumb/v7e-m+fp/hard/libc.a
END GROUP
LOAD /Users/jonnylin/gcc-arm-none-eabi/bin/../lib/gcc/arm-none-eabi/8.2.1/thumb/v7e-m+fp/hard/crtend.o
LOAD /Users/jonnylin/gcc-arm-none-eabi/bin/../lib/gcc/arm-none-eabi/8.2.1/thumb/v7e-m+fp/hard/crtn.o

.text           0x0000000008000000     0xc7d4
 *(.isr_vector)
 .isr_vector    0x0000000008000000      0x1ac library.a(startup_stm32f429xx.o)
                0x0000000008000000                __isr_vector
 *(.text*)
 .text          0x00000000080001ac       0x40 /Users/jonnylin/gcc-arm-none-eabi/bin/../lib/gcc/arm-none-eabi/8.2.1/thumb/v7e-m+fp/hard/crtbegin.o
 .text          0x00000000080001ec       0x74 /Users/jonnylin/gcc-arm-none-eabi/bin/../lib/gcc/arm-none-eabi/8.2.1/../../../../arm-none-eabi/lib/thumb/v7e-m+fp/hard/crt0.o
                0x00000000080001ec                _mainCRTStartup
                0x00000000080001ec                _start
 .text.startup.main
                0x0000000008000260       0x64 obj/main.o
                0x0000000008000260                main
 .text          0x00000000080002c4        0x8 obj/Add1Function.o
                0x00000000080002c4                Add1
 .text.TextRows
                0x00000000080002cc       0x12 library.a(initialize.o)
 *fill*         0x00000000080002de        0x2 
 .text.ClearDisplay
                0x00000000080002e0       0x34 library.a(initialize.o)
                0x00000000080002e0                ClearDisplay
 .text.DisplayHeader
                0x0000000008000314       0x80 library.a(initialize.o)
                0x0000000008000314                DisplayHeader
 .text.DisplayFooter
                0x0000000008000394       0x58 library.a(initialize.o)
                0x0000000008000394                DisplayFooter
 .text._write   0x00000000080003ec      0x104 library.a(initialize.o)
                0x00000000080003ec                _write
 .text.InitializeHardware
                0x00000000080004f0      0x110 library.a(initialize.o)
                0x00000000080004f0                InitializeHardware
 .text.WaitForPushButton
                0x0000000008000600       0x18 library.a(initialize.o)
                0x0000000008000600                WaitForPushButton
 .text.GetClockCycleCount
                0x0000000008000618        0xc library.a(initialize.o)
                0x0000000008000618                GetClockCycleCount
 .text.SPIx_Init
                0x0000000008000624       0x94 library.a(stm32f429i_discovery.o)
 .text.SPIx_Write
                0x00000000080006b8       0x30 library.a(stm32f429i_discovery.o)
 .text.BSP_PB_Init
                0x00000000080006e8       0x70 library.a(stm32f429i_discovery.o)
                0x00000000080006e8                BSP_PB_Init
 .text.BSP_PB_GetState
                0x0000000008000758       0x14 library.a(stm32f429i_discovery.o)
                0x0000000008000758                BSP_PB_GetState
 .text.LCD_IO_Init
                0x000000000800076c       0xb0 library.a(stm32f429i_discovery.o)
                0x000000000800076c                LCD_IO_Init
 .text.LCD_IO_WriteData
                0x000000000800081c       0x38 library.a(stm32f429i_discovery.o)
                0x000000000800081c                LCD_IO_WriteData
 .text.LCD_IO_WriteReg
                0x0000000008000854       0x38 library.a(stm32f429i_discovery.o)
                0x0000000008000854                LCD_IO_WriteReg
 .text.LCD_IO_ReadData
                0x000000000800088c       0x6c library.a(stm32f429i_discovery.o)
                0x000000000800088c                LCD_IO_ReadData
 .text.LCD_Delay
                0x00000000080008f8        0x4 library.a(stm32f429i_discovery.o)
                0x00000000080008f8                LCD_Delay
 .text.FillBuffer
                0x00000000080008fc       0x64 library.a(stm32f429i_discovery_lcd.o)
 .text.BSP_LCD_Init
                0x0000000008000960      0x1cc library.a(stm32f429i_discovery_lcd.o)
                0x0000000008000960                BSP_LCD_Init
 .text.BSP_LCD_GetXSize
                0x0000000008000b2c       0x10 library.a(stm32f429i_discovery_lcd.o)
                0x0000000008000b2c                BSP_LCD_GetXSize
 .text.BSP_LCD_GetYSize
                0x0000000008000b3c       0x10 library.a(stm32f429i_discovery_lcd.o)
                0x0000000008000b3c                BSP_LCD_GetYSize
 .text.BSP_LCD_LayerDefaultInit
                0x0000000008000b4c       0x7c library.a(stm32f429i_discovery_lcd.o)
                0x0000000008000b4c                BSP_LCD_LayerDefaultInit
 .text.BSP_LCD_SelectLayer
                0x0000000008000bc8        0xc library.a(stm32f429i_discovery_lcd.o)
                0x0000000008000bc8                BSP_LCD_SelectLayer
 .text.BSP_LCD_SetTextColor
                0x0000000008000bd4       0x18 library.a(stm32f429i_discovery_lcd.o)
                0x0000000008000bd4                BSP_LCD_SetTextColor
 .text.BSP_LCD_SetBackColor
                0x0000000008000bec       0x18 library.a(stm32f429i_discovery_lcd.o)
                0x0000000008000bec                BSP_LCD_SetBackColor
 .text.BSP_LCD_SetFont
                0x0000000008000c04       0x18 library.a(stm32f429i_discovery_lcd.o)
                0x0000000008000c04                BSP_LCD_SetFont
 .text.BSP_LCD_GetFont
                0x0000000008000c1c       0x18 library.a(stm32f429i_discovery_lcd.o)
                0x0000000008000c1c                BSP_LCD_GetFont
 .text.BSP_LCD_Clear
                0x0000000008000c34       0x3c library.a(stm32f429i_discovery_lcd.o)
                0x0000000008000c34                BSP_LCD_Clear
 .text.BSP_LCD_FillRect
                0x0000000008000c70       0x5c library.a(stm32f429i_discovery_lcd.o)
                0x0000000008000c70                BSP_LCD_FillRect
 .text.BSP_LCD_DisplayOn
                0x0000000008000ccc       0x10 library.a(stm32f429i_discovery_lcd.o)
                0x0000000008000ccc                BSP_LCD_DisplayOn
 .text.BSP_LCD_DrawPixel
                0x0000000008000cdc       0x2c library.a(stm32f429i_discovery_lcd.o)
                0x0000000008000cdc                BSP_LCD_DrawPixel
 .text.BSP_LCD_DisplayChar
                0x0000000008000d08       0xd0 library.a(stm32f429i_discovery_lcd.o)
                0x0000000008000d08                BSP_LCD_DisplayChar
 .text.BSP_LCD_DisplayStringAt
                0x0000000008000dd8       0xb8 library.a(stm32f429i_discovery_lcd.o)
                0x0000000008000dd8                BSP_LCD_DisplayStringAt
 .text.BSP_SDRAM_Initialization_sequence
                0x0000000008000e90       0x94 library.a(stm32f429i_discovery_sdram.o)
                0x0000000008000e90                BSP_SDRAM_Initialization_sequence
 .text.BSP_SDRAM_Init
                0x0000000008000f24      0x1d4 library.a(stm32f429i_discovery_sdram.o)
                0x0000000008000f24                BSP_SDRAM_Init
 .text.HAL_MspInit
                0x00000000080010f8        0x2 library.a(stm32f4xx_hal.o)
                0x00000000080010f8                HAL_MspInit
 .text.HAL_InitTick
                0x00000000080010fa       0x24 library.a(stm32f4xx_hal.o)
                0x00000000080010fa                HAL_InitTick
 *fill*         0x000000000800111e        0x2 
 .text.HAL_Init
                0x0000000008001120       0x34 library.a(stm32f4xx_hal.o)
                0x0000000008001120                HAL_Init
 .text.HAL_IncTick
                0x0000000008001154       0x10 library.a(stm32f4xx_hal.o)
                0x0000000008001154                HAL_IncTick
 .text.HAL_GetTick
                0x0000000008001164        0xc library.a(stm32f4xx_hal.o)
                0x0000000008001164                HAL_GetTick
 .text.HAL_Delay
                0x0000000008001170       0x1a library.a(stm32f4xx_hal.o)
                0x0000000008001170                HAL_Delay
 *fill*         0x000000000800118a        0x2 
 .text.HAL_NVIC_SetPriorityGrouping
                0x000000000800118c       0x24 library.a(stm32f4xx_hal_cortex.o)
                0x000000000800118c                HAL_NVIC_SetPriorityGrouping
 .text.HAL_NVIC_SetPriority
                0x00000000080011b0       0x68 library.a(stm32f4xx_hal_cortex.o)
                0x00000000080011b0                HAL_NVIC_SetPriority
 .text.HAL_NVIC_EnableIRQ
                0x0000000008001218       0x18 library.a(stm32f4xx_hal_cortex.o)
                0x0000000008001218                HAL_NVIC_EnableIRQ
 .text.HAL_SYSTICK_Config
                0x0000000008001230       0x2c library.a(stm32f4xx_hal_cortex.o)
                0x0000000008001230                HAL_SYSTICK_Config
 .text.HAL_DMA_Init
                0x000000000800125c       0x78 library.a(stm32f4xx_hal_dma.o)
                0x000000000800125c                HAL_DMA_Init
 .text.HAL_DMA_DeInit
                0x00000000080012d4      0xac4 library.a(stm32f4xx_hal_dma.o)
                0x00000000080012d4                HAL_DMA_DeInit
 .text.DMA2D_SetConfig
                0x0000000008001d98       0x80 library.a(stm32f4xx_hal_dma2d.o)
 .text.HAL_DMA2D_MspInit
                0x0000000008001e18        0x2 library.a(stm32f4xx_hal_dma2d.o)
                0x0000000008001e18                HAL_DMA2D_MspInit
 .text.HAL_DMA2D_Init
                0x0000000008001e1a       0x5c library.a(stm32f4xx_hal_dma2d.o)
                0x0000000008001e1a                HAL_DMA2D_Init
 .text.HAL_DMA2D_Start
                0x0000000008001e76       0x40 library.a(stm32f4xx_hal_dma2d.o)
                0x0000000008001e76                HAL_DMA2D_Start
 .text.HAL_DMA2D_PollForTransfer
                0x0000000008001eb6       0xc2 library.a(stm32f4xx_hal_dma2d.o)
                0x0000000008001eb6                HAL_DMA2D_PollForTransfer
 .text.HAL_DMA2D_ConfigLayer
                0x0000000008001f78       0xe8 library.a(stm32f4xx_hal_dma2d.o)
                0x0000000008001f78                HAL_DMA2D_ConfigLayer
 .text.HAL_GPIO_Init
                0x0000000008002060      0x1d8 library.a(stm32f4xx_hal_gpio.o)
                0x0000000008002060                HAL_GPIO_Init
 .text.HAL_GPIO_ReadPin
                0x0000000008002238        0xc library.a(stm32f4xx_hal_gpio.o)
                0x0000000008002238                HAL_GPIO_ReadPin
 .text.HAL_GPIO_WritePin
                0x0000000008002244        0xa library.a(stm32f4xx_hal_gpio.o)
                0x0000000008002244                HAL_GPIO_WritePin
 .text.LTDC_SetConfig
                0x000000000800224e      0x148 library.a(stm32f4xx_hal_ltdc.o)
 .text.HAL_LTDC_MspInit
                0x0000000008002396        0x2 library.a(stm32f4xx_hal_ltdc.o)
                0x0000000008002396                HAL_LTDC_MspInit
 .text.HAL_LTDC_Init
                0x0000000008002398       0xfc library.a(stm32f4xx_hal_ltdc.o)
                0x0000000008002398                HAL_LTDC_Init
 .text.HAL_LTDC_ConfigLayer
                0x0000000008002494       0x52 library.a(stm32f4xx_hal_ltdc.o)
                0x0000000008002494                HAL_LTDC_ConfigLayer
 *fill*         0x00000000080024e6        0x2 
 .text.HAL_LTDC_EnableDither
                0x00000000080024e8       0x34 library.a(stm32f4xx_hal_ltdc.o)
                0x00000000080024e8                HAL_LTDC_EnableDither
 .text.HAL_RCC_OscConfig
                0x000000000800251c      0x33c library.a(stm32f4xx_hal_rcc.o)
                0x000000000800251c                HAL_RCC_OscConfig
 .text.HAL_RCC_ClockConfig
                0x0000000008002858      0x1f8 library.a(stm32f4xx_hal_rcc.o)
                0x0000000008002858                HAL_RCC_ClockConfig
 .text.HAL_RCC_GetSysClockFreq
                0x0000000008002a50       0x78 library.a(stm32f4xx_hal_rcc.o)
                0x0000000008002a50                HAL_RCC_GetSysClockFreq
 .text.HAL_RCC_GetHCLKFreq
                0x0000000008002ac8       0x38 library.a(stm32f4xx_hal_rcc.o)
                0x0000000008002ac8                HAL_RCC_GetHCLKFreq
 .text.HAL_RCCEx_PeriphCLKConfig
                0x0000000008002b00      0x2e8 library.a(stm32f4xx_hal_rcc_ex.o)
                0x0000000008002b00                HAL_RCCEx_PeriphCLKConfig
 .text.HAL_SDRAM_MspInit
                0x0000000008002de8        0x2 library.a(stm32f4xx_hal_sdram.o)
                0x0000000008002de8                HAL_SDRAM_MspInit
 .text.HAL_SDRAM_Init
                0x0000000008002dea       0x40 library.a(stm32f4xx_hal_sdram.o)
                0x0000000008002dea                HAL_SDRAM_Init
 .text.HAL_SDRAM_SendCommand
                0x0000000008002e2a       0x2e library.a(stm32f4xx_hal_sdram.o)
                0x0000000008002e2a                HAL_SDRAM_SendCommand
 .text.HAL_SDRAM_ProgramRefreshRate
                0x0000000008002e58       0x24 library.a(stm32f4xx_hal_sdram.o)
                0x0000000008002e58                HAL_SDRAM_ProgramRefreshRate
 .text.SPI_WaitOnFlagUntilTimeout
                0x0000000008002e7c       0x94 library.a(stm32f4xx_hal_spi.o)
 .text.HAL_SPI_MspInit
                0x0000000008002f10        0x2 library.a(stm32f4xx_hal_spi.o)
                0x0000000008002f10                HAL_SPI_MspInit
 .text.HAL_SPI_Init
                0x0000000008002f12       0x82 library.a(stm32f4xx_hal_spi.o)
                0x0000000008002f12                HAL_SPI_Init
 .text.HAL_SPI_MspDeInit
                0x0000000008002f94        0x2 library.a(stm32f4xx_hal_spi.o)
                0x0000000008002f94                HAL_SPI_MspDeInit
 .text.HAL_SPI_DeInit
                0x0000000008002f96       0x26 library.a(stm32f4xx_hal_spi.o)
                0x0000000008002f96                HAL_SPI_DeInit
 .text.HAL_SPI_Transmit
                0x0000000008002fbc      0x148 library.a(stm32f4xx_hal_spi.o)
                0x0000000008002fbc                HAL_SPI_Transmit
 .text.HAL_SPI_TransmitReceive
                0x0000000008003104      0x2c4 library.a(stm32f4xx_hal_spi.o)
                0x0000000008003104                HAL_SPI_TransmitReceive
 .text.HAL_SPI_Receive
                0x00000000080033c8      0x1d0 library.a(stm32f4xx_hal_spi.o)
                0x00000000080033c8                HAL_SPI_Receive
 .text.HAL_SPI_GetState
                0x0000000008003598        0x6 library.a(stm32f4xx_hal_spi.o)
                0x0000000008003598                HAL_SPI_GetState
 .text.NMI_Handler
                0x000000000800359e        0x2 library.a(stm32f4xx_it.o)
                0x000000000800359e                NMI_Handler
 .text.SVC_Handler
                0x00000000080035a0        0x2 library.a(stm32f4xx_it.o)
                0x00000000080035a0                SVC_Handler
 .text.DebugMon_Handler
                0x00000000080035a2        0x2 library.a(stm32f4xx_it.o)
                0x00000000080035a2                DebugMon_Handler
 .text.PendSV_Handler
                0x00000000080035a4        0x2 library.a(stm32f4xx_it.o)
                0x00000000080035a4                PendSV_Handler
 .text.SysTick_Handler
                0x00000000080035a6        0x4 library.a(stm32f4xx_it.o)
                0x00000000080035a6                SysTick_Handler
 *fill*         0x00000000080035aa        0x2 
 .text.FMC_SDRAM_Init
                0x00000000080035ac       0x6c library.a(stm32f4xx_ll_fmc.o)
                0x00000000080035ac                FMC_SDRAM_Init
 .text.FMC_SDRAM_Timing_Init
                0x0000000008003618       0x70 library.a(stm32f4xx_ll_fmc.o)
                0x0000000008003618                FMC_SDRAM_Timing_Init
 .text.FMC_SDRAM_SendCommand
                0x0000000008003688       0x4c library.a(stm32f4xx_ll_fmc.o)
                0x0000000008003688                FMC_SDRAM_SendCommand
 .text.FMC_SDRAM_ProgramRefreshRate
                0x00000000080036d4        0xc library.a(stm32f4xx_ll_fmc.o)
                0x00000000080036d4                FMC_SDRAM_ProgramRefreshRate
 .text.SystemInit
                0x00000000080036e0       0x4c library.a(system_stm32f4xx.o)
                0x00000000080036e0                SystemInit
 .text          0x000000000800372c      0x118 library.a(startup_stm32f429xx.o)
                0x000000000800372c                Reset_Handler
                0x000000000800377c                HardFault_Handler
                0x000000000800377e                MemManage_Handler
                0x0000000008003780                BusFault_Handler
                0x0000000008003782                UsageFault_Handler
                0x0000000008003784                Default_Handler
                0x0000000008003786                WWDG_IRQHandler
                0x0000000008003788                PVD_IRQHandler
                0x000000000800378a                TAMP_STAMP_IRQHandler
                0x000000000800378c                RTC_WKUP_IRQHandler
                0x000000000800378e                FLASH_IRQHandler
                0x0000000008003790                RCC_IRQHandler
                0x0000000008003792                EXTI0_IRQHandler
                0x0000000008003794                EXTI1_IRQHandler
                0x0000000008003796                EXTI2_IRQHandler
                0x0000000008003798                EXTI3_IRQHandler
                0x000000000800379a                EXTI4_IRQHandler
                0x000000000800379c                DMA1_Stream0_IRQHandler
                0x000000000800379e                DMA1_Stream1_IRQHandler
                0x00000000080037a0                DMA1_Stream2_IRQHandler
                0x00000000080037a2                DMA1_Stream3_IRQHandler
                0x00000000080037a4                DMA1_Stream4_IRQHandler
                0x00000000080037a6                DMA1_Stream5_IRQHandler
                0x00000000080037a8                DMA1_Stream6_IRQHandler
                0x00000000080037aa                ADC_IRQHandler
                0x00000000080037ac                CAN1_TX_IRQHandler
                0x00000000080037ae                CAN1_RX0_IRQHandler
                0x00000000080037b0                CAN1_RX1_IRQHandler
                0x00000000080037b2                CAN1_SCE_IRQHandler
                0x00000000080037b4                EXTI9_5_IRQHandler
                0x00000000080037b6                TIM1_BRK_TIM9_IRQHandler
                0x00000000080037b8                TIM1_UP_TIM10_IRQHandler
                0x00000000080037ba                TIM1_TRG_COM_TIM11_IRQHandler
                0x00000000080037bc                TIM1_CC_IRQHandler
                0x00000000080037be                TIM2_IRQHandler
                0x00000000080037c0                TIM3_IRQHandler
                0x00000000080037c2                TIM4_IRQHandler
                0x00000000080037c4                I2C1_EV_IRQHandler
                0x00000000080037c6                I2C1_ER_IRQHandler
                0x00000000080037c8                I2C2_EV_IRQHandler
                0x00000000080037ca                I2C2_ER_IRQHandler
                0x00000000080037cc                SPI1_IRQHandler
                0x00000000080037ce                SPI2_IRQHandler
                0x00000000080037d0                USART1_IRQHandler
                0x00000000080037d2                USART2_IRQHandler
                0x00000000080037d4                USART3_IRQHandler
                0x00000000080037d6                EXTI15_10_IRQHandler
                0x00000000080037d8                RTC_Alarm_IRQHandler
                0x00000000080037da                OTG_FS_WKUP_IRQHandler
                0x00000000080037dc                TIM8_BRK_TIM12_IRQHandler
                0x00000000080037de                TIM8_UP_TIM13_IRQHandler
                0x00000000080037e0                TIM8_TRG_COM_TIM14_IRQHandler
                0x00000000080037e2                TIM8_CC_IRQHandler
                0x00000000080037e4                DMA1_Stream7_IRQHandler
                0x00000000080037e6                FSMC_IRQHandler
                0x00000000080037e8                SDIO_IRQHandler
                0x00000000080037ea                TIM5_IRQHandler
                0x00000000080037ec                SPI3_IRQHandler
                0x00000000080037ee                UART4_IRQHandler
                0x00000000080037f0                UART5_IRQHandler
                0x00000000080037f2                TIM6_DAC_IRQHandler
                0x00000000080037f4                TIM7_IRQHandler
                0x00000000080037f6                DMA2_Stream0_IRQHandler
                0x00000000080037f8                DMA2_Stream1_IRQHandler
                0x00000000080037fa                DMA2_Stream2_IRQHandler
                0x00000000080037fc                DMA2_Stream3_IRQHandler
                0x00000000080037fe                DMA2_Stream4_IRQHandler
                0x0000000008003800                ETH_IRQHandler
                0x0000000008003802                ETH_WKUP_IRQHandler
                0x0000000008003804                CAN2_TX_IRQHandler
                0x0000000008003806                CAN2_RX0_IRQHandler
                0x0000000008003808                CAN2_RX1_IRQHandler
                0x000000000800380a                CAN2_SCE_IRQHandler
                0x000000000800380c                OTG_FS_IRQHandler
                0x000000000800380e                DMA2_Stream5_IRQHandler
                0x0000000008003810                DMA2_Stream6_IRQHandler
                0x0000000008003812                DMA2_Stream7_IRQHandler
                0x0000000008003814                USART6_IRQHandler
                0x0000000008003816                I2C3_EV_IRQHandler
                0x0000000008003818                I2C3_ER_IRQHandler
                0x000000000800381a                OTG_HS_EP1_OUT_IRQHandler
                0x000000000800381c                OTG_HS_EP1_IN_IRQHandler
                0x000000000800381e                OTG_HS_WKUP_IRQHandler
                0x0000000008003820                OTG_HS_IRQHandler
                0x0000000008003822                DCMI_IRQHandler
                0x0000000008003824                CRYP_IRQHandler
                0x0000000008003826                HASH_RNG_IRQHandler
                0x0000000008003828                FPU_IRQHandler
                0x000000000800382a                UART7_IRQHandler
                0x000000000800382c                UART8_IRQHandler
                0x000000000800382e                SPI4_IRQHandler
                0x0000000008003830                SPI5_IRQHandler
                0x0000000008003832                SPI6_IRQHandler
                0x0000000008003834                SAI1_IRQHandler
                0x0000000008003836                LTDC_IRQHandler
                0x0000000008003838                LTDC_ER_IRQHandler
                0x000000000800383a                DMA2D_IRQHandler
 .text.ili9341_GetLcdPixelWidth
                0x0000000008003844        0x4 library.a(ili9341.o)
                0x0000000008003844                ili9341_GetLcdPixelWidth
 .text.ili9341_GetLcdPixelHeight
                0x0000000008003848        0x6 library.a(ili9341.o)
                0x0000000008003848                ili9341_GetLcdPixelHeight
 .text.ili9341_DisplayOn
                0x000000000800384e        0x6 library.a(ili9341.o)
                0x000000000800384e                ili9341_DisplayOn
 .text.ili9341_DisplayOff
                0x0000000008003854        0x6 library.a(ili9341.o)
                0x0000000008003854                ili9341_DisplayOff
 .text.ili9341_Init
                0x000000000800385a      0x292 library.a(ili9341.o)
                0x000000000800385a                ili9341_Init
 .text.ili9341_ReadID
                0x0000000008003aec       0x12 library.a(ili9341.o)
                0x0000000008003aec                ili9341_ReadID
 *fill*         0x0000000008003afe        0x2 
 .text.exit     0x0000000008003b00       0x20 /Users/jonnylin/gcc-arm-none-eabi/bin/../lib/gcc/arm-none-eabi/8.2.1/../../../../arm-none-eabi/lib/thumb/v7e-m+fp/hard/libc.a(lib_a-exit.o)
                0x0000000008003b00                exit
 .text.__libc_init_array
                0x0000000008003b20       0x48 /Users/jonnylin/gcc-arm-none-eabi/bin/../lib/gcc/arm-none-eabi/8.2.1/../../../../arm-none-eabi/lib/thumb/v7e-m+fp/hard/libc.a(lib_a-init.o)
                0x0000000008003b20                __libc_init_array
 .text.memset   0x0000000008003b68       0xa0 /Users/jonnylin/gcc-arm-none-eabi/bin/../lib/gcc/arm-none-eabi/8.2.1/../../../../arm-none-eabi/lib/thumb/v7e-m+fp/hard/libc.a(lib_a-memset.o)
                0x0000000008003b68                memset
 .text.printf   0x0000000008003c08       0x28 /Users/jonnylin/gcc-arm-none-eabi/bin/../lib/gcc/arm-none-eabi/8.2.1/../../../../arm-none-eabi/lib/thumb/v7e-m+fp/hard/libc.a(lib_a-printf.o)
                0x0000000008003c08                printf
 .text.strcpy   0x0000000008003c30       0xbc /Users/jonnylin/gcc-arm-none-eabi/bin/../lib/gcc/arm-none-eabi/8.2.1/../../../../arm-none-eabi/lib/thumb/v7e-m+fp/hard/libc.a(lib_a-strcpy.o)
                0x0000000008003c30                strcpy
 *fill*         0x0000000008003cec        0x4 
 .text._vfprintf_r
                0x0000000008003cf0     0x1b54 /Users/jonnylin/gcc-arm-none-eabi/bin/../lib/gcc/arm-none-eabi/8.2.1/../../../../arm-none-eabi/lib/thumb/v7e-m+fp/hard/libc.a(lib_a-vfprintf.o)
                0x0000000008003cf0                _vfprintf_r
 .text.__sbprintf
                0x0000000008005844       0x84 /Users/jonnylin/gcc-arm-none-eabi/bin/../lib/gcc/arm-none-eabi/8.2.1/../../../../arm-none-eabi/lib/thumb/v7e-m+fp/hard/libc.a(lib_a-vfprintf.o)
 .text.__swsetup_r
                0x00000000080058c8       0xd0 /Users/jonnylin/gcc-arm-none-eabi/bin/../lib/gcc/arm-none-eabi/8.2.1/../../../../arm-none-eabi/lib/thumb/v7e-m+fp/hard/libc.a(lib_a-wsetup.o)
                0x00000000080058c8                __swsetup_r
 .text.startup.register_fini
                0x0000000008005998       0x14 /Users/jonnylin/gcc-arm-none-eabi/bin/../lib/gcc/arm-none-eabi/8.2.1/../../../../arm-none-eabi/lib/thumb/v7e-m+fp/hard/libc.a(lib_a-__call_atexit.o)
 .text.__call_exitprocs
                0x00000000080059ac       0xb0 /Users/jonnylin/gcc-arm-none-eabi/bin/../lib/gcc/arm-none-eabi/8.2.1/../../../../arm-none-eabi/lib/thumb/v7e-m+fp/hard/libc.a(lib_a-__call_atexit.o)
                0x00000000080059ac                __call_exitprocs
 .text.atexit   0x0000000008005a5c        0xc /Users/jonnylin/gcc-arm-none-eabi/bin/../lib/gcc/arm-none-eabi/8.2.1/../../../../arm-none-eabi/lib/thumb/v7e-m+fp/hard/libc.a(lib_a-atexit.o)
                0x0000000008005a5c                atexit
 .text.quorem   0x0000000008005a68      0x124 /Users/jonnylin/gcc-arm-none-eabi/bin/../lib/gcc/arm-none-eabi/8.2.1/../../../../arm-none-eabi/lib/thumb/v7e-m+fp/hard/libc.a(lib_a-dtoa.o)
 *fill*         0x0000000008005b8c        0x4 
 .text._dtoa_r  0x0000000008005b90      0xe54 /Users/jonnylin/gcc-arm-none-eabi/bin/../lib/gcc/arm-none-eabi/8.2.1/../../../../arm-none-eabi/lib/thumb/v7e-m+fp/hard/libc.a(lib_a-dtoa.o)
                0x0000000008005b90                _dtoa_r
 .text.__sflush_r
                0x00000000080069e4      0x14c /Users/jonnylin/gcc-arm-none-eabi/bin/../lib/gcc/arm-none-eabi/8.2.1/../../../../arm-none-eabi/lib/thumb/v7e-m+fp/hard/libc.a(lib_a-fflush.o)
                0x00000000080069e4                __sflush_r
 .text._fflush_r
                0x0000000008006b30       0x5c /Users/jonnylin/gcc-arm-none-eabi/bin/../lib/gcc/arm-none-eabi/8.2.1/../../../../arm-none-eabi/lib/thumb/v7e-m+fp/hard/libc.a(lib_a-fflush.o)
                0x0000000008006b30                _fflush_r
 .text.std      0x0000000008006b8c       0x50 /Users/jonnylin/gcc-arm-none-eabi/bin/../lib/gcc/arm-none-eabi/8.2.1/../../../../arm-none-eabi/lib/thumb/v7e-m+fp/hard/libc.a(lib_a-findfp.o)
 .text._cleanup_r
                0x0000000008006bdc        0xc /Users/jonnylin/gcc-arm-none-eabi/bin/../lib/gcc/arm-none-eabi/8.2.1/../../../../arm-none-eabi/lib/thumb/v7e-m+fp/hard/libc.a(lib_a-findfp.o)
                0x0000000008006bdc                _cleanup_r
 .text.__sinit  0x0000000008006be8       0x54 /Users/jonnylin/gcc-arm-none-eabi/bin/../lib/gcc/arm-none-eabi/8.2.1/../../../../arm-none-eabi/lib/thumb/v7e-m+fp/hard/libc.a(lib_a-findfp.o)
                0x0000000008006be8                __sinit
 .text.__sfp_lock_acquire
                0x0000000008006c3c        0xc /Users/jonnylin/gcc-arm-none-eabi/bin/../lib/gcc/arm-none-eabi/8.2.1/../../../../arm-none-eabi/lib/thumb/v7e-m+fp/hard/libc.a(lib_a-findfp.o)
                0x0000000008006c3c                __sfp_lock_acquire
 .text.__sfp_lock_release
                0x0000000008006c48        0xc /Users/jonnylin/gcc-arm-none-eabi/bin/../lib/gcc/arm-none-eabi/8.2.1/../../../../arm-none-eabi/lib/thumb/v7e-m+fp/hard/libc.a(lib_a-findfp.o)
                0x0000000008006c48                __sfp_lock_release
 .text.__libc_fini_array
                0x0000000008006c54       0x34 /Users/jonnylin/gcc-arm-none-eabi/bin/../lib/gcc/arm-none-eabi/8.2.1/../../../../arm-none-eabi/lib/thumb/v7e-m+fp/hard/libc.a(lib_a-fini.o)
                0x0000000008006c54                __libc_fini_array
 .text._malloc_trim_r
                0x0000000008006c88       0xa0 /Users/jonnylin/gcc-arm-none-eabi/bin/../lib/gcc/arm-none-eabi/8.2.1/../../../../arm-none-eabi/lib/thumb/v7e-m+fp/hard/libc.a(lib_a-freer.o)
                0x0000000008006c88                _malloc_trim_r
 .text._free_r  0x0000000008006d28      0x1ec /Users/jonnylin/gcc-arm-none-eabi/bin/../lib/gcc/arm-none-eabi/8.2.1/../../../../arm-none-eabi/lib/thumb/v7e-m+fp/hard/libc.a(lib_a-freer.o)
                0x0000000008006d28                _free_r
 .text._fwalk_reent
                0x0000000008006f14       0x54 /Users/jonnylin/gcc-arm-none-eabi/bin/../lib/gcc/arm-none-eabi/8.2.1/../../../../arm-none-eabi/lib/thumb/v7e-m+fp/hard/libc.a(lib_a-fwalk.o)
                0x0000000008006f14                _fwalk_reent
 .text._localeconv_r
                0x0000000008006f68        0x8 /Users/jonnylin/gcc-arm-none-eabi/bin/../lib/gcc/arm-none-eabi/8.2.1/../../../../arm-none-eabi/lib/thumb/v7e-m+fp/hard/libc.a(lib_a-localeconv.o)
                0x0000000008006f68                _localeconv_r
 .text.__retarget_lock_init_recursive
                0x0000000008006f70        0x4 /Users/jonnylin/gcc-arm-none-eabi/bin/../lib/gcc/arm-none-eabi/8.2.1/../../../../arm-none-eabi/lib/thumb/v7e-m+fp/hard/libc.a(lib_a-lock.o)
                0x0000000008006f70                __retarget_lock_init_recursive
 .text.__retarget_lock_close_recursive
                0x0000000008006f74        0x4 /Users/jonnylin/gcc-arm-none-eabi/bin/../lib/gcc/arm-none-eabi/8.2.1/../../../../arm-none-eabi/lib/thumb/v7e-m+fp/hard/libc.a(lib_a-lock.o)
                0x0000000008006f74                __retarget_lock_close_recursive
 .text.__retarget_lock_acquire_recursive
                0x0000000008006f78        0x4 /Users/jonnylin/gcc-arm-none-eabi/bin/../lib/gcc/arm-none-eabi/8.2.1/../../../../arm-none-eabi/lib/thumb/v7e-m+fp/hard/libc.a(lib_a-lock.o)
                0x0000000008006f78                __retarget_lock_acquire_recursive
 .text.__retarget_lock_release_recursive
                0x0000000008006f7c        0x4 /Users/jonnylin/gcc-arm-none-eabi/bin/../lib/gcc/arm-none-eabi/8.2.1/../../../../arm-none-eabi/lib/thumb/v7e-m+fp/hard/libc.a(lib_a-lock.o)
                0x0000000008006f7c                __retarget_lock_release_recursive
 .text.__swhatbuf_r
                0x0000000008006f80       0x5c /Users/jonnylin/gcc-arm-none-eabi/bin/../lib/gcc/arm-none-eabi/8.2.1/../../../../arm-none-eabi/lib/thumb/v7e-m+fp/hard/libc.a(lib_a-makebuf.o)
                0x0000000008006f80                __swhatbuf_r
 .text.__smakebuf_r
                0x0000000008006fdc       0x94 /Users/jonnylin/gcc-arm-none-eabi/bin/../lib/gcc/arm-none-eabi/8.2.1/../../../../arm-none-eabi/lib/thumb/v7e-m+fp/hard/libc.a(lib_a-makebuf.o)
                0x0000000008006fdc                __smakebuf_r
 .text._malloc_r
                0x0000000008007070      0x570 /Users/jonnylin/gcc-arm-none-eabi/bin/../lib/gcc/arm-none-eabi/8.2.1/../../../../arm-none-eabi/lib/thumb/v7e-m+fp/hard/libc.a(lib_a-mallocr.o)
                0x0000000008007070                _malloc_r
 .text          0x00000000080075e0       0xa0 /Users/jonnylin/gcc-arm-none-eabi/bin/../lib/gcc/arm-none-eabi/8.2.1/../../../../arm-none-eabi/lib/thumb/v7e-m+fp/hard/libc.a(lib_a-memchr.o)
                0x00000000080075e0                memchr
 .text          0x0000000008007680      0x134 /Users/jonnylin/gcc-arm-none-eabi/bin/../lib/gcc/arm-none-eabi/8.2.1/../../../../arm-none-eabi/lib/thumb/v7e-m+fp/hard/libc.a(lib_a-memcpy.o)
                0x0000000008007680                memcpy
 .text.__malloc_lock
                0x00000000080077b4        0xc /Users/jonnylin/gcc-arm-none-eabi/bin/../lib/gcc/arm-none-eabi/8.2.1/../../../../arm-none-eabi/lib/thumb/v7e-m+fp/hard/libc.a(lib_a-mlock.o)
                0x00000000080077b4                __malloc_lock
 .text.__malloc_unlock
                0x00000000080077c0        0xc /Users/jonnylin/gcc-arm-none-eabi/bin/../lib/gcc/arm-none-eabi/8.2.1/../../../../arm-none-eabi/lib/thumb/v7e-m+fp/hard/libc.a(lib_a-mlock.o)
                0x00000000080077c0                __malloc_unlock
 .text._Balloc  0x00000000080077cc       0x4c /Users/jonnylin/gcc-arm-none-eabi/bin/../lib/gcc/arm-none-eabi/8.2.1/../../../../arm-none-eabi/lib/thumb/v7e-m+fp/hard/libc.a(lib_a-mprec.o)
                0x00000000080077cc                _Balloc
 .text._Bfree   0x0000000008007818       0x14 /Users/jonnylin/gcc-arm-none-eabi/bin/../lib/gcc/arm-none-eabi/8.2.1/../../../../arm-none-eabi/lib/thumb/v7e-m+fp/hard/libc.a(lib_a-mprec.o)
                0x0000000008007818                _Bfree
 .text.__multadd
                0x000000000800782c       0x8c /Users/jonnylin/gcc-arm-none-eabi/bin/../lib/gcc/arm-none-eabi/8.2.1/../../../../arm-none-eabi/lib/thumb/v7e-m+fp/hard/libc.a(lib_a-mprec.o)
                0x000000000800782c                __multadd
 .text.__hi0bits
                0x00000000080078b8       0x40 /Users/jonnylin/gcc-arm-none-eabi/bin/../lib/gcc/arm-none-eabi/8.2.1/../../../../arm-none-eabi/lib/thumb/v7e-m+fp/hard/libc.a(lib_a-mprec.o)
                0x00000000080078b8                __hi0bits
 .text.__lo0bits
                0x00000000080078f8       0x60 /Users/jonnylin/gcc-arm-none-eabi/bin/../lib/gcc/arm-none-eabi/8.2.1/../../../../arm-none-eabi/lib/thumb/v7e-m+fp/hard/libc.a(lib_a-mprec.o)
                0x00000000080078f8                __lo0bits
 .text.__i2b    0x0000000008007958       0x14 /Users/jonnylin/gcc-arm-none-eabi/bin/../lib/gcc/arm-none-eabi/8.2.1/../../../../arm-none-eabi/lib/thumb/v7e-m+fp/hard/libc.a(lib_a-mprec.o)
                0x0000000008007958                __i2b
 .text.__multiply
                0x000000000800796c      0x130 /Users/jonnylin/gcc-arm-none-eabi/bin/../lib/gcc/arm-none-eabi/8.2.1/../../../../arm-none-eabi/lib/thumb/v7e-m+fp/hard/libc.a(lib_a-mprec.o)
                0x000000000800796c                __multiply
 .text.__pow5mult
                0x0000000008007a9c       0xa0 /Users/jonnylin/gcc-arm-none-eabi/bin/../lib/gcc/arm-none-eabi/8.2.1/../../../../arm-none-eabi/lib/thumb/v7e-m+fp/hard/libc.a(lib_a-mprec.o)
                0x0000000008007a9c                __pow5mult
 .text.__lshift
                0x0000000008007b3c       0xb4 /Users/jonnylin/gcc-arm-none-eabi/bin/../lib/gcc/arm-none-eabi/8.2.1/../../../../arm-none-eabi/lib/thumb/v7e-m+fp/hard/libc.a(lib_a-mprec.o)
                0x0000000008007b3c                __lshift
 .text.__mcmp   0x0000000008007bf0       0x38 /Users/jonnylin/gcc-arm-none-eabi/bin/../lib/gcc/arm-none-eabi/8.2.1/../../../../arm-none-eabi/lib/thumb/v7e-m+fp/hard/libc.a(lib_a-mprec.o)
                0x0000000008007bf0                __mcmp
 .text.__mdiff  0x0000000008007c28       0xf8 /Users/jonnylin/gcc-arm-none-eabi/bin/../lib/gcc/arm-none-eabi/8.2.1/../../../../arm-none-eabi/lib/thumb/v7e-m+fp/hard/libc.a(lib_a-mprec.o)
                0x0000000008007c28                __mdiff
 .text.__d2b    0x0000000008007d20       0xc0 /Users/jonnylin/gcc-arm-none-eabi/bin/../lib/gcc/arm-none-eabi/8.2.1/../../../../arm-none-eabi/lib/thumb/v7e-m+fp/hard/libc.a(lib_a-mprec.o)
                0x0000000008007d20                __d2b
 .text.frexp    0x0000000008007de0       0x6c /Users/jonnylin/gcc-arm-none-eabi/bin/../lib/gcc/arm-none-eabi/8.2.1/../../../../arm-none-eabi/lib/thumb/v7e-m+fp/hard/libc.a(lib_a-s_frexp.o)
                0x0000000008007de0                frexp
 .text._sbrk_r  0x0000000008007e4c       0x24 /Users/jonnylin/gcc-arm-none-eabi/bin/../lib/gcc/arm-none-eabi/8.2.1/../../../../arm-none-eabi/lib/thumb/v7e-m+fp/hard/libc.a(lib_a-sbrkr.o)
                0x0000000008007e4c                _sbrk_r
 .text.__sread  0x0000000008007e70       0x24 /Users/jonnylin/gcc-arm-none-eabi/bin/../lib/gcc/arm-none-eabi/8.2.1/../../../../arm-none-eabi/lib/thumb/v7e-m+fp/hard/libc.a(lib_a-stdio.o)
                0x0000000008007e70                __sread
 .text.__swrite
                0x0000000008007e94       0x40 /Users/jonnylin/gcc-arm-none-eabi/bin/../lib/gcc/arm-none-eabi/8.2.1/../../../../arm-none-eabi/lib/thumb/v7e-m+fp/hard/libc.a(lib_a-stdio.o)
                0x0000000008007e94                __swrite
 .text.__sseek  0x0000000008007ed4       0x20 /Users/jonnylin/gcc-arm-none-eabi/bin/../lib/gcc/arm-none-eabi/8.2.1/../../../../arm-none-eabi/lib/thumb/v7e-m+fp/hard/libc.a(lib_a-stdio.o)
                0x0000000008007ed4                __sseek
 .text.__sclose
                0x0000000008007ef4        0x8 /Users/jonnylin/gcc-arm-none-eabi/bin/../lib/gcc/arm-none-eabi/8.2.1/../../../../arm-none-eabi/lib/thumb/v7e-m+fp/hard/libc.a(lib_a-stdio.o)
                0x0000000008007ef4                __sclose
 *fill*         0x0000000008007efc        0x4 
 .text          0x0000000008007f00       0xdc /Users/jonnylin/gcc-arm-none-eabi/bin/../lib/gcc/arm-none-eabi/8.2.1/../../../../arm-none-eabi/lib/thumb/v7e-m+fp/hard/libc.a(lib_a-strlen.o)
                0x0000000008007f00                strlen
 .text.strncpy  0x0000000008007fdc       0x74 /Users/jonnylin/gcc-arm-none-eabi/bin/../lib/gcc/arm-none-eabi/8.2.1/../../../../arm-none-eabi/lib/thumb/v7e-m+fp/hard/libc.a(lib_a-strncpy.o)
                0x0000000008007fdc                strncpy
 .text.__sprint_r.part.0
                0x0000000008008050       0x78 /Users/jonnylin/gcc-arm-none-eabi/bin/../lib/gcc/arm-none-eabi/8.2.1/../../../../arm-none-eabi/lib/thumb/v7e-m+fp/hard/libc.a(lib_a-vfiprintf.o)
 .text.__sprint_r
                0x00000000080080c8       0x14 /Users/jonnylin/gcc-arm-none-eabi/bin/../lib/gcc/arm-none-eabi/8.2.1/../../../../arm-none-eabi/lib/thumb/v7e-m+fp/hard/libc.a(lib_a-vfiprintf.o)
                0x00000000080080c8                __sprint_r
 .text._write_r
                0x00000000080080dc       0x2c /Users/jonnylin/gcc-arm-none-eabi/bin/../lib/gcc/arm-none-eabi/8.2.1/../../../../arm-none-eabi/lib/thumb/v7e-m+fp/hard/libc.a(lib_a-writer.o)
                0x00000000080080dc                _write_r
 .text.__register_exitproc
                0x0000000008008108       0x88 /Users/jonnylin/gcc-arm-none-eabi/bin/../lib/gcc/arm-none-eabi/8.2.1/../../../../arm-none-eabi/lib/thumb/v7e-m+fp/hard/libc.a(lib_a-__atexit.o)
                0x0000000008008108                __register_exitproc
 .text._calloc_r
                0x0000000008008190       0x60 /Users/jonnylin/gcc-arm-none-eabi/bin/../lib/gcc/arm-none-eabi/8.2.1/../../../../arm-none-eabi/lib/thumb/v7e-m+fp/hard/libc.a(lib_a-callocr.o)
                0x0000000008008190                _calloc_r
 .text._close_r
                0x00000000080081f0       0x24 /Users/jonnylin/gcc-arm-none-eabi/bin/../lib/gcc/arm-none-eabi/8.2.1/../../../../arm-none-eabi/lib/thumb/v7e-m+fp/hard/libc.a(lib_a-closer.o)
                0x00000000080081f0                _close_r
 .text._fclose_r
                0x0000000008008214       0xd0 /Users/jonnylin/gcc-arm-none-eabi/bin/../lib/gcc/arm-none-eabi/8.2.1/../../../../arm-none-eabi/lib/thumb/v7e-m+fp/hard/libc.a(lib_a-fclose.o)
                0x0000000008008214                _fclose_r
 .text.__fputwc
                0x00000000080082e4       0xa0 /Users/jonnylin/gcc-arm-none-eabi/bin/../lib/gcc/arm-none-eabi/8.2.1/../../../../arm-none-eabi/lib/thumb/v7e-m+fp/hard/libc.a(lib_a-fputwc.o)
                0x00000000080082e4                __fputwc
 .text._fputwc_r
                0x0000000008008384       0x64 /Users/jonnylin/gcc-arm-none-eabi/bin/../lib/gcc/arm-none-eabi/8.2.1/../../../../arm-none-eabi/lib/thumb/v7e-m+fp/hard/libc.a(lib_a-fputwc.o)
                0x0000000008008384                _fputwc_r
 .text._fstat_r
                0x00000000080083e8       0x28 /Users/jonnylin/gcc-arm-none-eabi/bin/../lib/gcc/arm-none-eabi/8.2.1/../../../../arm-none-eabi/lib/thumb/v7e-m+fp/hard/libc.a(lib_a-fstatr.o)
                0x00000000080083e8                _fstat_r
 .text.__sfvwrite_r
                0x0000000008008410      0x308 /Users/jonnylin/gcc-arm-none-eabi/bin/../lib/gcc/arm-none-eabi/8.2.1/../../../../arm-none-eabi/lib/thumb/v7e-m+fp/hard/libc.a(lib_a-fvwrite.o)
                0x0000000008008410                __sfvwrite_r
 .text._isatty_r
                0x0000000008008718       0x24 /Users/jonnylin/gcc-arm-none-eabi/bin/../lib/gcc/arm-none-eabi/8.2.1/../../../../arm-none-eabi/lib/thumb/v7e-m+fp/hard/libc.a(lib_a-isattyr.o)
                0x0000000008008718                _isatty_r
 .text.__locale_mb_cur_max
                0x000000000800873c        0xc /Users/jonnylin/gcc-arm-none-eabi/bin/../lib/gcc/arm-none-eabi/8.2.1/../../../../arm-none-eabi/lib/thumb/v7e-m+fp/hard/libc.a(lib_a-locale.o)
                0x000000000800873c                __locale_mb_cur_max
 .text._lseek_r
                0x0000000008008748       0x2c /Users/jonnylin/gcc-arm-none-eabi/bin/../lib/gcc/arm-none-eabi/8.2.1/../../../../arm-none-eabi/lib/thumb/v7e-m+fp/hard/libc.a(lib_a-lseekr.o)
                0x0000000008008748                _lseek_r
 .text.__ascii_mbtowc
                0x0000000008008774       0x2c /Users/jonnylin/gcc-arm-none-eabi/bin/../lib/gcc/arm-none-eabi/8.2.1/../../../../arm-none-eabi/lib/thumb/v7e-m+fp/hard/libc.a(lib_a-mbtowc_r.o)
                0x0000000008008774                __ascii_mbtowc
 .text.memmove  0x00000000080087a0       0xd0 /Users/jonnylin/gcc-arm-none-eabi/bin/../lib/gcc/arm-none-eabi/8.2.1/../../../../arm-none-eabi/lib/thumb/v7e-m+fp/hard/libc.a(lib_a-memmove.o)
                0x00000000080087a0                memmove
 .text._read_r  0x0000000008008870       0x2c /Users/jonnylin/gcc-arm-none-eabi/bin/../lib/gcc/arm-none-eabi/8.2.1/../../../../arm-none-eabi/lib/thumb/v7e-m+fp/hard/libc.a(lib_a-readr.o)
                0x0000000008008870                _read_r
 .text._realloc_r
                0x000000000800889c      0x36c /Users/jonnylin/gcc-arm-none-eabi/bin/../lib/gcc/arm-none-eabi/8.2.1/../../../../arm-none-eabi/lib/thumb/v7e-m+fp/hard/libc.a(lib_a-reallocr.o)
                0x000000000800889c                _realloc_r
 .text.__swbuf_r
                0x0000000008008c08       0xb0 /Users/jonnylin/gcc-arm-none-eabi/bin/../lib/gcc/arm-none-eabi/8.2.1/../../../../arm-none-eabi/lib/thumb/v7e-m+fp/hard/libc.a(lib_a-wbuf.o)
                0x0000000008008c08                __swbuf_r
 .text._wcrtomb_r
                0x0000000008008cb8       0x34 /Users/jonnylin/gcc-arm-none-eabi/bin/../lib/gcc/arm-none-eabi/8.2.1/../../../../arm-none-eabi/lib/thumb/v7e-m+fp/hard/libc.a(lib_a-wcrtomb.o)
                0x0000000008008cb8                _wcrtomb_r
 .text.__ascii_wctomb
                0x0000000008008cec       0x1c /Users/jonnylin/gcc-arm-none-eabi/bin/../lib/gcc/arm-none-eabi/8.2.1/../../../../arm-none-eabi/lib/thumb/v7e-m+fp/hard/libc.a(lib_a-wctomb_r.o)
                0x0000000008008cec                __ascii_wctomb
 .text._close   0x0000000008008d08       0x10 /Users/jonnylin/gcc-arm-none-eabi/bin/../lib/gcc/arm-none-eabi/8.2.1/../../../../arm-none-eabi/lib/thumb/v7e-m+fp/hard/libnosys.a(close.o)
                0x0000000008008d08                _close
 .text._fstat   0x0000000008008d18       0x10 /Users/jonnylin/gcc-arm-none-eabi/bin/../lib/gcc/arm-none-eabi/8.2.1/../../../../arm-none-eabi/lib/thumb/v7e-m+fp/hard/libnosys.a(fstat.o)
                0x0000000008008d18                _fstat
 .text._isatty  0x0000000008008d28       0x10 /Users/jonnylin/gcc-arm-none-eabi/bin/../lib/gcc/arm-none-eabi/8.2.1/../../../../arm-none-eabi/lib/thumb/v7e-m+fp/hard/libnosys.a(isatty.o)
                0x0000000008008d28                _isatty
 .text._lseek   0x0000000008008d38       0x10 /Users/jonnylin/gcc-arm-none-eabi/bin/../lib/gcc/arm-none-eabi/8.2.1/../../../../arm-none-eabi/lib/thumb/v7e-m+fp/hard/libnosys.a(lseek.o)
                0x0000000008008d38                _lseek
 .text._read    0x0000000008008d48       0x10 /Users/jonnylin/gcc-arm-none-eabi/bin/../lib/gcc/arm-none-eabi/8.2.1/../../../../arm-none-eabi/lib/thumb/v7e-m+fp/hard/libnosys.a(read.o)
                0x0000000008008d48                _read
 .text._sbrk    0x0000000008008d58       0x1c /Users/jonnylin/gcc-arm-none-eabi/bin/../lib/gcc/arm-none-eabi/8.2.1/../../../../arm-none-eabi/lib/thumb/v7e-m+fp/hard/libnosys.a(sbrk.o)
                0x0000000008008d58                _sbrk
 .text._exit    0x0000000008008d74        0x4 /Users/jonnylin/gcc-arm-none-eabi/bin/../lib/gcc/arm-none-eabi/8.2.1/../../../../arm-none-eabi/lib/thumb/v7e-m+fp/hard/libnosys.a(_exit.o)
                0x0000000008008d74                _exit
 .text          0x0000000008008d78      0x378 /Users/jonnylin/gcc-arm-none-eabi/bin/../lib/gcc/arm-none-eabi/8.2.1/thumb/v7e-m+fp/hard/libgcc.a(_arm_addsubdf3.o)
                0x0000000008008d78                __aeabi_drsub
                0x0000000008008d80                __subdf3
                0x0000000008008d80                __aeabi_dsub
                0x0000000008008d84                __aeabi_dadd
                0x0000000008008d84                __adddf3
                0x0000000008008ffc                __aeabi_ui2d
                0x0000000008008ffc                __floatunsidf
                0x000000000800901c                __floatsidf
                0x000000000800901c                __aeabi_i2d
                0x0000000008009040                __extendsfdf2
                0x0000000008009040                __aeabi_f2d
                0x0000000008009084                __aeabi_ul2d
                0x0000000008009084                __floatundidf
                0x0000000008009094                __aeabi_l2d
                0x0000000008009094                __floatdidf
 .text          0x00000000080090f0      0x424 /Users/jonnylin/gcc-arm-none-eabi/bin/../lib/gcc/arm-none-eabi/8.2.1/thumb/v7e-m+fp/hard/libgcc.a(_arm_muldivdf3.o)
                0x00000000080090f0                __aeabi_dmul
                0x00000000080090f0                __muldf3
                0x0000000008009344                __aeabi_ddiv
                0x0000000008009344                __divdf3
 .text          0x0000000008009514      0x110 /Users/jonnylin/gcc-arm-none-eabi/bin/../lib/gcc/arm-none-eabi/8.2.1/thumb/v7e-m+fp/hard/libgcc.a(_arm_cmpdf2.o)
                0x0000000008009514                __gedf2
                0x0000000008009514                __gtdf2
                0x000000000800951c                __ledf2
                0x000000000800951c                __ltdf2
                0x0000000008009524                __cmpdf2
                0x0000000008009524                __eqdf2
                0x0000000008009524                __nedf2
                0x00000000080095a0                __aeabi_cdrcmple
                0x00000000080095b0                __aeabi_cdcmple
                0x00000000080095b0                __aeabi_cdcmpeq
                0x00000000080095c0                __aeabi_dcmpeq
                0x00000000080095d4                __aeabi_dcmplt
                0x00000000080095e8                __aeabi_dcmple
                0x00000000080095fc                __aeabi_dcmpge
                0x0000000008009610                __aeabi_dcmpgt
 .text          0x0000000008009624       0x2c /Users/jonnylin/gcc-arm-none-eabi/bin/../lib/gcc/arm-none-eabi/8.2.1/thumb/v7e-m+fp/hard/libgcc.a(_arm_unorddf2.o)
                0x0000000008009624                __aeabi_dcmpun
                0x0000000008009624                __unorddf2
 .text          0x0000000008009650       0x50 /Users/jonnylin/gcc-arm-none-eabi/bin/../lib/gcc/arm-none-eabi/8.2.1/thumb/v7e-m+fp/hard/libgcc.a(_arm_fixdfsi.o)
                0x0000000008009650                __fixdfsi
                0x0000000008009650                __aeabi_d2iz
 .text          0x00000000080096a0       0x30 /Users/jonnylin/gcc-arm-none-eabi/bin/../lib/gcc/arm-none-eabi/8.2.1/thumb/v7e-m+fp/hard/libgcc.a(_aeabi_uldivmod.o)
                0x00000000080096a0                __aeabi_uldivmod
 .text          0x00000000080096d0      0x2d0 /Users/jonnylin/gcc-arm-none-eabi/bin/../lib/gcc/arm-none-eabi/8.2.1/thumb/v7e-m+fp/hard/libgcc.a(_udivmoddi4.o)
                0x00000000080096d0                __udivmoddi4
 .text          0x00000000080099a0        0x4 /Users/jonnylin/gcc-arm-none-eabi/bin/../lib/gcc/arm-none-eabi/8.2.1/thumb/v7e-m+fp/hard/libgcc.a(_dvmd_tls.o)
                0x00000000080099a0                __aeabi_ldiv0
                0x00000000080099a0                __aeabi_idiv0
 *(.init)
 .init          0x00000000080099a4        0x4 /Users/jonnylin/gcc-arm-none-eabi/bin/../lib/gcc/arm-none-eabi/8.2.1/thumb/v7e-m+fp/hard/crti.o
                0x00000000080099a4                _init
 .init          0x00000000080099a8        0x8 /Users/jonnylin/gcc-arm-none-eabi/bin/../lib/gcc/arm-none-eabi/8.2.1/thumb/v7e-m+fp/hard/crtn.o
 *(.fini)
 .fini          0x00000000080099b0        0x4 /Users/jonnylin/gcc-arm-none-eabi/bin/../lib/gcc/arm-none-eabi/8.2.1/thumb/v7e-m+fp/hard/crti.o
                0x00000000080099b0                _fini
 .fini          0x00000000080099b4        0x8 /Users/jonnylin/gcc-arm-none-eabi/bin/../lib/gcc/arm-none-eabi/8.2.1/thumb/v7e-m+fp/hard/crtn.o
 *crtbegin.o(.ctors)
 *crtbegin?.o(.ctors)
 *(EXCLUDE_FILE(*crtend.o *crtend?.o) .ctors)
 *(SORT_BY_NAME(.ctors.*))
 *(.ctors)
 *crtbegin.o(.dtors)
 *crtbegin?.o(.dtors)
 *(EXCLUDE_FILE(*crtend.o *crtend?.o) .dtors)
 *(SORT_BY_NAME(.dtors.*))
 *(.dtors)
 *(.rodata*)
 .rodata.main.str1.4
                0x00000000080099bc       0x46 obj/main.o
 .rodata.DisplayHeader.str1.1
                0x0000000008009a02       0x27 library.a(initialize.o)
 .rodata._write.str1.1
                0x0000000008009a29       0x27 library.a(initialize.o)
                                          0x1 (size before relaxing)
 .rodata.Font12_Table
                0x0000000008009a29      0x474 library.a(stm32f429i_discovery_lcd.o)
                0x0000000008009a29                Font12_Table
 .rodata.Font16_Table
                0x0000000008009e9d      0xbe0 library.a(stm32f429i_discovery_lcd.o)
                0x0000000008009e9d                Font16_Table
 .rodata.Font24_Table
                0x000000000800aa7d     0x1ab8 library.a(stm32f429i_discovery_lcd.o)
                0x000000000800aa7d                Font24_Table
 .rodata.APBAHBPrescTable
                0x000000000800c535       0x10 library.a(stm32f4xx_hal_rcc.o)
                0x000000000800c535                APBAHBPrescTable
 *fill*         0x000000000800c545        0x3 
 .rodata._global_impure_ptr
                0x000000000800c548        0x4 /Users/jonnylin/gcc-arm-none-eabi/bin/../lib/gcc/arm-none-eabi/8.2.1/../../../../arm-none-eabi/lib/thumb/v7e-m+fp/hard/libc.a(lib_a-impure.o)
                0x000000000800c548                _global_impure_ptr
 .rodata._vfprintf_r.str1.4
                0x000000000800c54c       0x42 /Users/jonnylin/gcc-arm-none-eabi/bin/../lib/gcc/arm-none-eabi/8.2.1/../../../../arm-none-eabi/lib/thumb/v7e-m+fp/hard/libc.a(lib_a-vfprintf.o)
 *fill*         0x000000000800c58e        0x2 
 .rodata.blanks.8687
                0x000000000800c590       0x10 /Users/jonnylin/gcc-arm-none-eabi/bin/../lib/gcc/arm-none-eabi/8.2.1/../../../../arm-none-eabi/lib/thumb/v7e-m+fp/hard/libc.a(lib_a-vfprintf.o)
 .rodata.zeroes.8688
                0x000000000800c5a0       0x10 /Users/jonnylin/gcc-arm-none-eabi/bin/../lib/gcc/arm-none-eabi/8.2.1/../../../../arm-none-eabi/lib/thumb/v7e-m+fp/hard/libc.a(lib_a-vfprintf.o)
 .rodata._dtoa_r.str1.4
                0x000000000800c5b0        0xd /Users/jonnylin/gcc-arm-none-eabi/bin/../lib/gcc/arm-none-eabi/8.2.1/../../../../arm-none-eabi/lib/thumb/v7e-m+fp/hard/libc.a(lib_a-dtoa.o)
                                         0x12 (size before relaxing)
 *fill*         0x000000000800c5bd        0x3 
 .rodata.__mprec_bigtens
                0x000000000800c5c0       0x28 /Users/jonnylin/gcc-arm-none-eabi/bin/../lib/gcc/arm-none-eabi/8.2.1/../../../../arm-none-eabi/lib/thumb/v7e-m+fp/hard/libc.a(lib_a-mprec.o)
                0x000000000800c5c0                __mprec_bigtens
 .rodata.__mprec_tens
                0x000000000800c5e8       0xc8 /Users/jonnylin/gcc-arm-none-eabi/bin/../lib/gcc/arm-none-eabi/8.2.1/../../../../arm-none-eabi/lib/thumb/v7e-m+fp/hard/libc.a(lib_a-mprec.o)
                0x000000000800c5e8                __mprec_tens
 .rodata.p05.7442
                0x000000000800c6b0        0xc /Users/jonnylin/gcc-arm-none-eabi/bin/../lib/gcc/arm-none-eabi/8.2.1/../../../../arm-none-eabi/lib/thumb/v7e-m+fp/hard/libc.a(lib_a-mprec.o)
 .rodata._setlocale_r.str1.4
                0x000000000800c6bc        0xa /Users/jonnylin/gcc-arm-none-eabi/bin/../lib/gcc/arm-none-eabi/8.2.1/../../../../arm-none-eabi/lib/thumb/v7e-m+fp/hard/libc.a(lib_a-locale.o)
                                          0xd (size before relaxing)
 *fill*         0x000000000800c6c6        0x2 
 .rodata.str1.4
                0x000000000800c6c8        0x4 /Users/jonnylin/gcc-arm-none-eabi/bin/../lib/gcc/arm-none-eabi/8.2.1/../../../../arm-none-eabi/lib/thumb/v7e-m+fp/hard/libc.a(lib_a-locale.o)
                                          0x2 (size before relaxing)
 .rodata._ctype_
                0x000000000800c6cc      0x101 /Users/jonnylin/gcc-arm-none-eabi/bin/../lib/gcc/arm-none-eabi/8.2.1/../../../../arm-none-eabi/lib/thumb/v7e-m+fp/hard/libc.a(lib_a-ctype_.o)
                0x000000000800c6cc                _ctype_
 *(.eh_frame*)
 *fill*         0x000000000800c7cd        0x3 
 .eh_frame      0x000000000800c7d0        0x0 /Users/jonnylin/gcc-arm-none-eabi/bin/../lib/gcc/arm-none-eabi/8.2.1/thumb/v7e-m+fp/hard/crtbegin.o
 .eh_frame      0x000000000800c7d0        0x4 /Users/jonnylin/gcc-arm-none-eabi/bin/../lib/gcc/arm-none-eabi/8.2.1/thumb/v7e-m+fp/hard/crtend.o

.glue_7         0x000000000800c7d4        0x0
 .glue_7        0x000000000800c7d4        0x0 linker stubs

.glue_7t        0x000000000800c7d4        0x0
 .glue_7t       0x000000000800c7d4        0x0 linker stubs

.vfp11_veneer   0x000000000800c7d4        0x0
 .vfp11_veneer  0x000000000800c7d4        0x0 linker stubs

.v4_bx          0x000000000800c7d4        0x0
 .v4_bx         0x000000000800c7d4        0x0 linker stubs

.iplt           0x000000000800c7d4        0x0
 .iplt          0x000000000800c7d4        0x0 /Users/jonnylin/gcc-arm-none-eabi/bin/../lib/gcc/arm-none-eabi/8.2.1/thumb/v7e-m+fp/hard/crtbegin.o

.ARM.extab
 *(.ARM.extab* .gnu.linkonce.armextab.*)
                0x000000000800c7d4                __exidx_start = .

.ARM.exidx      0x000000000800c7d4        0x8
 *(.ARM.exidx* .gnu.linkonce.armexidx.*)
 .ARM.exidx     0x000000000800c7d4        0x8 /Users/jonnylin/gcc-arm-none-eabi/bin/../lib/gcc/arm-none-eabi/8.2.1/../../../../arm-none-eabi/lib/thumb/v7e-m+fp/hard/crt0.o
 .ARM.exidx     0x000000000800c7dc        0x0 /Users/jonnylin/gcc-arm-none-eabi/bin/../lib/gcc/arm-none-eabi/8.2.1/thumb/v7e-m+fp/hard/libgcc.a(_udivmoddi4.o)
                                          0x8 (size before relaxing)
                0x000000000800c7dc                __exidx_end = .
                0x000000000800c7dc                __etext = .

.rel.dyn        0x000000000800c7dc        0x0
 .rel.iplt      0x000000000800c7dc        0x0 /Users/jonnylin/gcc-arm-none-eabi/bin/../lib/gcc/arm-none-eabi/8.2.1/thumb/v7e-m+fp/hard/crtbegin.o

.data           0x0000000020000000      0xa18 load address 0x000000000800c7dc
                0x0000000020000000                __data_start__ = .
 *(vtable)
 *(.data*)
 .data.BUTTON_PORT
                0x0000000020000000        0x4 library.a(stm32f429i_discovery.o)
                0x0000000020000000                BUTTON_PORT
 .data.SpixTimeout
                0x0000000020000004        0x4 library.a(stm32f429i_discovery.o)
                0x0000000020000004                SpixTimeout
 .data.Font12   0x0000000020000008        0x8 library.a(stm32f429i_discovery_lcd.o)
                0x0000000020000008                Font12
 .data.Font16   0x0000000020000010        0x8 library.a(stm32f429i_discovery_lcd.o)
                0x0000000020000010                Font16
 .data.Font24   0x0000000020000018        0x8 library.a(stm32f429i_discovery_lcd.o)
                0x0000000020000018                Font24
 .data.SystemCoreClock
                0x0000000020000020        0x4 library.a(system_stm32f4xx.o)
                0x0000000020000020                SystemCoreClock
 .data.ili9341_drv
                0x0000000020000024       0x38 library.a(ili9341.o)
                0x0000000020000024                ili9341_drv
 .data._impure_ptr
                0x000000002000005c        0x4 /Users/jonnylin/gcc-arm-none-eabi/bin/../lib/gcc/arm-none-eabi/8.2.1/../../../../arm-none-eabi/lib/thumb/v7e-m+fp/hard/libc.a(lib_a-impure.o)
                0x000000002000005c                _impure_ptr
 .data.impure_data
                0x0000000020000060      0x428 /Users/jonnylin/gcc-arm-none-eabi/bin/../lib/gcc/arm-none-eabi/8.2.1/../../../../arm-none-eabi/lib/thumb/v7e-m+fp/hard/libc.a(lib_a-impure.o)
 .data.__atexit_recursive_mutex
                0x0000000020000488        0x4 /Users/jonnylin/gcc-arm-none-eabi/bin/../lib/gcc/arm-none-eabi/8.2.1/../../../../arm-none-eabi/lib/thumb/v7e-m+fp/hard/libc.a(lib_a-__call_atexit.o)
                0x0000000020000488                __atexit_recursive_mutex
 .data.__malloc_av_
                0x000000002000048c      0x408 /Users/jonnylin/gcc-arm-none-eabi/bin/../lib/gcc/arm-none-eabi/8.2.1/../../../../arm-none-eabi/lib/thumb/v7e-m+fp/hard/libc.a(lib_a-mallocr.o)
                0x000000002000048c                __malloc_av_
 .data.__malloc_sbrk_base
                0x0000000020000894        0x4 /Users/jonnylin/gcc-arm-none-eabi/bin/../lib/gcc/arm-none-eabi/8.2.1/../../../../arm-none-eabi/lib/thumb/v7e-m+fp/hard/libc.a(lib_a-mallocr.o)
                0x0000000020000894                __malloc_sbrk_base
 .data.__malloc_trim_threshold
                0x0000000020000898        0x4 /Users/jonnylin/gcc-arm-none-eabi/bin/../lib/gcc/arm-none-eabi/8.2.1/../../../../arm-none-eabi/lib/thumb/v7e-m+fp/hard/libc.a(lib_a-mallocr.o)
                0x0000000020000898                __malloc_trim_threshold
 .data.__global_locale
                0x000000002000089c      0x16c /Users/jonnylin/gcc-arm-none-eabi/bin/../lib/gcc/arm-none-eabi/8.2.1/../../../../arm-none-eabi/lib/thumb/v7e-m+fp/hard/libc.a(lib_a-locale.o)
                0x000000002000089c                __global_locale
                0x0000000020000a08                . = ALIGN (0x4)
                0x0000000020000a08                PROVIDE (__preinit_array_start = .)
 *(.preinit_array)
                0x0000000020000a08                PROVIDE (__preinit_array_end = .)
                0x0000000020000a08                . = ALIGN (0x4)
                0x0000000020000a08                PROVIDE (__init_array_start = .)
 *(SORT_BY_NAME(.init_array.*))
 .init_array.00000
                0x0000000020000a08        0x4 /Users/jonnylin/gcc-arm-none-eabi/bin/../lib/gcc/arm-none-eabi/8.2.1/../../../../arm-none-eabi/lib/thumb/v7e-m+fp/hard/libc.a(lib_a-__call_atexit.o)
 *(.init_array)
 .init_array    0x0000000020000a0c        0x4 /Users/jonnylin/gcc-arm-none-eabi/bin/../lib/gcc/arm-none-eabi/8.2.1/thumb/v7e-m+fp/hard/crtbegin.o
                0x0000000020000a10                PROVIDE (__init_array_end = .)
                0x0000000020000a10                . = ALIGN (0x8)
                0x0000000020000a10                PROVIDE (__fini_array_start = .)
 *(SORT_BY_NAME(.fini_array.*))
 *(.fini_array)
 .fini_array    0x0000000020000a10        0x4 /Users/jonnylin/gcc-arm-none-eabi/bin/../lib/gcc/arm-none-eabi/8.2.1/thumb/v7e-m+fp/hard/crtbegin.o
                0x0000000020000a14                PROVIDE (__fini_array_end = .)
                0x0000000020000a18                . = ALIGN (0x8)
 *fill*         0x0000000020000a14        0x4 
                0x0000000020000a18                __data_end__ = .

.igot.plt       0x0000000020000a18        0x0 load address 0x000000000800d1f4
 .igot.plt      0x0000000020000a18        0x0 /Users/jonnylin/gcc-arm-none-eabi/bin/../lib/gcc/arm-none-eabi/8.2.1/thumb/v7e-m+fp/hard/crtbegin.o

.bss            0x0000000020000a18      0x8ec load address 0x000000000800d1f4
                0x0000000020000a18                __bss_start__ = .
 *(.bss*)
 .bss           0x0000000020000a18       0x1c /Users/jonnylin/gcc-arm-none-eabi/bin/../lib/gcc/arm-none-eabi/8.2.1/thumb/v7e-m+fp/hard/crtbegin.o
 .bss.buffer    0x0000000020000a34      0x620 library.a(initialize.o)
 .bss.txtCol    0x0000000020001054        0x4 library.a(initialize.o)
 .bss.txtRow    0x0000000020001058        0x4 library.a(initialize.o)
 .bss.Is_LCD_IO_Initialized
                0x000000002000105c        0x1 library.a(stm32f429i_discovery.o)
 *fill*         0x000000002000105d        0x3 
 .bss.SpiHandle
                0x0000000020001060       0x58 library.a(stm32f429i_discovery.o)
 .bss.ActiveLayer
                0x00000000200010b8        0x4 library.a(stm32f429i_discovery_lcd.o)
 .bss.Dma2dHandler
                0x00000000200010bc       0x40 library.a(stm32f429i_discovery_lcd.o)
 .bss.DrawProp  0x00000000200010fc       0x18 library.a(stm32f429i_discovery_lcd.o)
 .bss.LtdcHandler
                0x0000000020001114       0xa8 library.a(stm32f429i_discovery_lcd.o)
 .bss.PeriphClkInitStruct
                0x00000000200011bc       0x30 library.a(stm32f429i_discovery_lcd.o)
 .bss.Command   0x00000000200011ec       0x10 library.a(stm32f429i_discovery_sdram.o)
 .bss.SdramHandle
                0x00000000200011fc       0x34 library.a(stm32f429i_discovery_sdram.o)
 .bss.Timing    0x0000000020001230       0x1c library.a(stm32f429i_discovery_sdram.o)
 .bss.dmaHandle.11858
                0x000000002000124c       0x50 library.a(stm32f429i_discovery_sdram.o)
 .bss.uwTick    0x000000002000129c        0x4 library.a(stm32f4xx_hal.o)
 .bss.__malloc_current_mallinfo
                0x00000000200012a0       0x28 /Users/jonnylin/gcc-arm-none-eabi/bin/../lib/gcc/arm-none-eabi/8.2.1/../../../../arm-none-eabi/lib/thumb/v7e-m+fp/hard/libc.a(lib_a-mallocr.o)
                0x00000000200012a0                __malloc_current_mallinfo
 .bss.__malloc_max_sbrked_mem
                0x00000000200012c8        0x4 /Users/jonnylin/gcc-arm-none-eabi/bin/../lib/gcc/arm-none-eabi/8.2.1/../../../../arm-none-eabi/lib/thumb/v7e-m+fp/hard/libc.a(lib_a-mallocr.o)
                0x00000000200012c8                __malloc_max_sbrked_mem
 .bss.__malloc_max_total_mem
                0x00000000200012cc        0x4 /Users/jonnylin/gcc-arm-none-eabi/bin/../lib/gcc/arm-none-eabi/8.2.1/../../../../arm-none-eabi/lib/thumb/v7e-m+fp/hard/libc.a(lib_a-mallocr.o)
                0x00000000200012cc                __malloc_max_total_mem
 .bss.__malloc_top_pad
                0x00000000200012d0        0x4 /Users/jonnylin/gcc-arm-none-eabi/bin/../lib/gcc/arm-none-eabi/8.2.1/../../../../arm-none-eabi/lib/thumb/v7e-m+fp/hard/libc.a(lib_a-mallocr.o)
                0x00000000200012d0                __malloc_top_pad
 .bss.heap_end.5501
                0x00000000200012d4        0x4 /Users/jonnylin/gcc-arm-none-eabi/bin/../lib/gcc/arm-none-eabi/8.2.1/../../../../arm-none-eabi/lib/thumb/v7e-m+fp/hard/libnosys.a(sbrk.o)
 *(COMMON)
 COMMON         0x00000000200012d8        0x4 library.a(stm32f429i_discovery_lcd.o)
                0x00000000200012d8                LcdDrv
 COMMON         0x00000000200012dc       0x21 /Users/jonnylin/gcc-arm-none-eabi/bin/../lib/gcc/arm-none-eabi/8.2.1/../../../../arm-none-eabi/lib/thumb/v7e-m+fp/hard/libc.a(lib_a-lock.o)
                0x00000000200012dc                __lock___atexit_recursive_mutex
                0x00000000200012e0                __lock___arc4random_mutex
                0x00000000200012e4                __lock___env_recursive_mutex
                0x00000000200012e8                __lock___sinit_recursive_mutex
                0x00000000200012ec                __lock___malloc_recursive_mutex
                0x00000000200012f0                __lock___at_quick_exit_mutex
                0x00000000200012f4                __lock___dd_hash_mutex
                0x00000000200012f8                __lock___tz_mutex
                0x00000000200012fc                __lock___sfp_recursive_mutex
 *fill*         0x00000000200012fd        0x3 
 COMMON         0x0000000020001300        0x4 /Users/jonnylin/gcc-arm-none-eabi/bin/../lib/gcc/arm-none-eabi/8.2.1/../../../../arm-none-eabi/lib/thumb/v7e-m+fp/hard/libc.a(lib_a-reent.o)
                0x0000000020001300                errno
                0x0000000020001304                __bss_end__ = .

.ccm            0x0000000010000000        0x0
                0x0000000010000000                . = ALIGN (0x4)
                0x0000000010000000                __ccm_start__ = .
 *(.ccm*)
                0x0000000010000000                . = ALIGN (0x4)
                0x0000000010000000                __ccm_end__ = .

.heap           0x0000000010000000      0xc00
                0x0000000010000000                __end__ = .
                0x0000000010000000                end = __end__
 *(.heap*)
 .heap          0x0000000010000000      0xc00 library.a(startup_stm32f429xx.o)
                0x0000000010000000                __HeapBase
                0x0000000010000c00                __HeapLimit = .

.stack_dummy    0x0000000010000000     0x1000
 *(.stack)
 .stack         0x0000000010000000     0x1000 library.a(startup_stm32f429xx.o)
                0x0000000010010000                __StackTop = (ORIGIN (CCM) + LENGTH (CCM))
                0x000000001000f000                __StackLimit = (__StackTop - SIZEOF (.stack_dummy))
                0x0000000010010000                PROVIDE (__stack = __StackTop)
                0x0000000000000001                ASSERT ((__StackLimit >= __HeapLimit), region CCM overflowed with stack)
OUTPUT(output.elf elf32-littlearm)

.ARM.attributes
                0x0000000000000000       0x30
 .ARM.attributes
                0x0000000000000000       0x1e /Users/jonnylin/gcc-arm-none-eabi/bin/../lib/gcc/arm-none-eabi/8.2.1/thumb/v7e-m+fp/hard/crti.o
 .ARM.attributes
                0x000000000000001e       0x34 /Users/jonnylin/gcc-arm-none-eabi/bin/../lib/gcc/arm-none-eabi/8.2.1/thumb/v7e-m+fp/hard/crtbegin.o
 .ARM.attributes
                0x0000000000000052       0x1c /Users/jonnylin/gcc-arm-none-eabi/bin/../lib/gcc/arm-none-eabi/8.2.1/../../../../arm-none-eabi/lib/thumb/v7e-m+fp/hard/crt0.o
 .ARM.attributes
                0x000000000000006e       0x34 obj/main.o
 .ARM.attributes
                0x00000000000000a2       0x25 obj/Add1Function.o
 .ARM.attributes
                0x00000000000000c7       0x39 library.a(initialize.o)
 .ARM.attributes
                0x0000000000000100       0x39 library.a(stm32f429i_discovery.o)
 .ARM.attributes
                0x0000000000000139       0x39 library.a(stm32f429i_discovery_lcd.o)
 .ARM.attributes
                0x0000000000000172       0x39 library.a(stm32f429i_discovery_sdram.o)
 .ARM.attributes
                0x00000000000001ab       0x39 library.a(stm32f4xx_hal.o)
 .ARM.attributes
                0x00000000000001e4       0x39 library.a(stm32f4xx_hal_cortex.o)
 .ARM.attributes
                0x000000000000021d       0x39 library.a(stm32f4xx_hal_dma.o)
 .ARM.attributes
                0x0000000000000256       0x39 library.a(stm32f4xx_hal_dma2d.o)
 .ARM.attributes
                0x000000000000028f       0x39 library.a(stm32f4xx_hal_gpio.o)
 .ARM.attributes
                0x00000000000002c8       0x39 library.a(stm32f4xx_hal_ltdc.o)
 .ARM.attributes
                0x0000000000000301       0x39 library.a(stm32f4xx_hal_rcc.o)
 .ARM.attributes
                0x000000000000033a       0x39 library.a(stm32f4xx_hal_rcc_ex.o)
 .ARM.attributes
                0x0000000000000373       0x39 library.a(stm32f4xx_hal_sdram.o)
 .ARM.attributes
                0x00000000000003ac       0x39 library.a(stm32f4xx_hal_spi.o)
 .ARM.attributes
                0x00000000000003e5       0x39 library.a(stm32f4xx_it.o)
 .ARM.attributes
                0x000000000000041e       0x39 library.a(stm32f4xx_ll_fmc.o)
 .ARM.attributes
                0x0000000000000457       0x39 library.a(system_stm32f4xx.o)
 .ARM.attributes
                0x0000000000000490       0x1f library.a(startup_stm32f429xx.o)
 .ARM.attributes
                0x00000000000004af       0x39 library.a(ili9341.o)
 .ARM.attributes
                0x00000000000004e8       0x34 /Users/jonnylin/gcc-arm-none-eabi/bin/../lib/gcc/arm-none-eabi/8.2.1/../../../../arm-none-eabi/lib/thumb/v7e-m+fp/hard/libc.a(lib_a-exit.o)
 .ARM.attributes
                0x000000000000051c       0x32 /Users/jonnylin/gcc-arm-none-eabi/bin/../lib/gcc/arm-none-eabi/8.2.1/../../../../arm-none-eabi/lib/thumb/v7e-m+fp/hard/libc.a(lib_a-impure.o)
 .ARM.attributes
                0x000000000000054e       0x34 /Users/jonnylin/gcc-arm-none-eabi/bin/../lib/gcc/arm-none-eabi/8.2.1/../../../../arm-none-eabi/lib/thumb/v7e-m+fp/hard/libc.a(lib_a-init.o)
 .ARM.attributes
                0x0000000000000582       0x34 /Users/jonnylin/gcc-arm-none-eabi/bin/../lib/gcc/arm-none-eabi/8.2.1/../../../../arm-none-eabi/lib/thumb/v7e-m+fp/hard/libc.a(lib_a-memset.o)
 .ARM.attributes
                0x00000000000005b6       0x34 /Users/jonnylin/gcc-arm-none-eabi/bin/../lib/gcc/arm-none-eabi/8.2.1/../../../../arm-none-eabi/lib/thumb/v7e-m+fp/hard/libc.a(lib_a-printf.o)
 .ARM.attributes
                0x00000000000005ea       0x34 /Users/jonnylin/gcc-arm-none-eabi/bin/../lib/gcc/arm-none-eabi/8.2.1/../../../../arm-none-eabi/lib/thumb/v7e-m+fp/hard/libc.a(lib_a-strcpy.o)
 .ARM.attributes
                0x000000000000061e       0x34 /Users/jonnylin/gcc-arm-none-eabi/bin/../lib/gcc/arm-none-eabi/8.2.1/../../../../arm-none-eabi/lib/thumb/v7e-m+fp/hard/libc.a(lib_a-vfprintf.o)
 .ARM.attributes
                0x0000000000000652       0x34 /Users/jonnylin/gcc-arm-none-eabi/bin/../lib/gcc/arm-none-eabi/8.2.1/../../../../arm-none-eabi/lib/thumb/v7e-m+fp/hard/libc.a(lib_a-wsetup.o)
 .ARM.attributes
                0x0000000000000686       0x34 /Users/jonnylin/gcc-arm-none-eabi/bin/../lib/gcc/arm-none-eabi/8.2.1/../../../../arm-none-eabi/lib/thumb/v7e-m+fp/hard/libc.a(lib_a-__call_atexit.o)
 .ARM.attributes
                0x00000000000006ba       0x34 /Users/jonnylin/gcc-arm-none-eabi/bin/../lib/gcc/arm-none-eabi/8.2.1/../../../../arm-none-eabi/lib/thumb/v7e-m+fp/hard/libc.a(lib_a-atexit.o)
 .ARM.attributes
                0x00000000000006ee       0x34 /Users/jonnylin/gcc-arm-none-eabi/bin/../lib/gcc/arm-none-eabi/8.2.1/../../../../arm-none-eabi/lib/thumb/v7e-m+fp/hard/libc.a(lib_a-dtoa.o)
 .ARM.attributes
                0x0000000000000722       0x34 /Users/jonnylin/gcc-arm-none-eabi/bin/../lib/gcc/arm-none-eabi/8.2.1/../../../../arm-none-eabi/lib/thumb/v7e-m+fp/hard/libc.a(lib_a-fflush.o)
 .ARM.attributes
                0x0000000000000756       0x34 /Users/jonnylin/gcc-arm-none-eabi/bin/../lib/gcc/arm-none-eabi/8.2.1/../../../../arm-none-eabi/lib/thumb/v7e-m+fp/hard/libc.a(lib_a-findfp.o)
 .ARM.attributes
                0x000000000000078a       0x34 /Users/jonnylin/gcc-arm-none-eabi/bin/../lib/gcc/arm-none-eabi/8.2.1/../../../../arm-none-eabi/lib/thumb/v7e-m+fp/hard/libc.a(lib_a-fini.o)
 .ARM.attributes
                0x00000000000007be       0x34 /Users/jonnylin/gcc-arm-none-eabi/bin/../lib/gcc/arm-none-eabi/8.2.1/../../../../arm-none-eabi/lib/thumb/v7e-m+fp/hard/libc.a(lib_a-freer.o)
 .ARM.attributes
                0x00000000000007f2       0x34 /Users/jonnylin/gcc-arm-none-eabi/bin/../lib/gcc/arm-none-eabi/8.2.1/../../../../arm-none-eabi/lib/thumb/v7e-m+fp/hard/libc.a(lib_a-fwalk.o)
 .ARM.attributes
                0x0000000000000826       0x34 /Users/jonnylin/gcc-arm-none-eabi/bin/../lib/gcc/arm-none-eabi/8.2.1/../../../../arm-none-eabi/lib/thumb/v7e-m+fp/hard/libc.a(lib_a-localeconv.o)
 .ARM.attributes
                0x000000000000085a       0x34 /Users/jonnylin/gcc-arm-none-eabi/bin/../lib/gcc/arm-none-eabi/8.2.1/../../../../arm-none-eabi/lib/thumb/v7e-m+fp/hard/libc.a(lib_a-lock.o)
 .ARM.attributes
                0x000000000000088e       0x34 /Users/jonnylin/gcc-arm-none-eabi/bin/../lib/gcc/arm-none-eabi/8.2.1/../../../../arm-none-eabi/lib/thumb/v7e-m+fp/hard/libc.a(lib_a-makebuf.o)
 .ARM.attributes
                0x00000000000008c2       0x34 /Users/jonnylin/gcc-arm-none-eabi/bin/../lib/gcc/arm-none-eabi/8.2.1/../../../../arm-none-eabi/lib/thumb/v7e-m+fp/hard/libc.a(lib_a-mallocr.o)
 .ARM.attributes
                0x00000000000008f6       0x1c /Users/jonnylin/gcc-arm-none-eabi/bin/../lib/gcc/arm-none-eabi/8.2.1/../../../../arm-none-eabi/lib/thumb/v7e-m+fp/hard/libc.a(lib_a-memchr.o)
 .ARM.attributes
                0x0000000000000912       0x1c /Users/jonnylin/gcc-arm-none-eabi/bin/../lib/gcc/arm-none-eabi/8.2.1/../../../../arm-none-eabi/lib/thumb/v7e-m+fp/hard/libc.a(lib_a-memcpy.o)
 .ARM.attributes
                0x000000000000092e       0x34 /Users/jonnylin/gcc-arm-none-eabi/bin/../lib/gcc/arm-none-eabi/8.2.1/../../../../arm-none-eabi/lib/thumb/v7e-m+fp/hard/libc.a(lib_a-mlock.o)
 .ARM.attributes
                0x0000000000000962       0x34 /Users/jonnylin/gcc-arm-none-eabi/bin/../lib/gcc/arm-none-eabi/8.2.1/../../../../arm-none-eabi/lib/thumb/v7e-m+fp/hard/libc.a(lib_a-mprec.o)
 .ARM.attributes
                0x0000000000000996       0x34 /Users/jonnylin/gcc-arm-none-eabi/bin/../lib/gcc/arm-none-eabi/8.2.1/../../../../arm-none-eabi/lib/thumb/v7e-m+fp/hard/libc.a(lib_a-s_frexp.o)
 .ARM.attributes
                0x00000000000009ca       0x34 /Users/jonnylin/gcc-arm-none-eabi/bin/../lib/gcc/arm-none-eabi/8.2.1/../../../../arm-none-eabi/lib/thumb/v7e-m+fp/hard/libc.a(lib_a-sbrkr.o)
 .ARM.attributes
                0x00000000000009fe       0x34 /Users/jonnylin/gcc-arm-none-eabi/bin/../lib/gcc/arm-none-eabi/8.2.1/../../../../arm-none-eabi/lib/thumb/v7e-m+fp/hard/libc.a(lib_a-stdio.o)
 .ARM.attributes
                0x0000000000000a32       0x1c /Users/jonnylin/gcc-arm-none-eabi/bin/../lib/gcc/arm-none-eabi/8.2.1/../../../../arm-none-eabi/lib/thumb/v7e-m+fp/hard/libc.a(lib_a-strlen.o)
 .ARM.attributes
                0x0000000000000a4e       0x34 /Users/jonnylin/gcc-arm-none-eabi/bin/../lib/gcc/arm-none-eabi/8.2.1/../../../../arm-none-eabi/lib/thumb/v7e-m+fp/hard/libc.a(lib_a-strncpy.o)
 .ARM.attributes
                0x0000000000000a82       0x34 /Users/jonnylin/gcc-arm-none-eabi/bin/../lib/gcc/arm-none-eabi/8.2.1/../../../../arm-none-eabi/lib/thumb/v7e-m+fp/hard/libc.a(lib_a-vfiprintf.o)
 .ARM.attributes
                0x0000000000000ab6       0x34 /Users/jonnylin/gcc-arm-none-eabi/bin/../lib/gcc/arm-none-eabi/8.2.1/../../../../arm-none-eabi/lib/thumb/v7e-m+fp/hard/libc.a(lib_a-writer.o)
 .ARM.attributes
                0x0000000000000aea       0x34 /Users/jonnylin/gcc-arm-none-eabi/bin/../lib/gcc/arm-none-eabi/8.2.1/../../../../arm-none-eabi/lib/thumb/v7e-m+fp/hard/libc.a(lib_a-__atexit.o)
 .ARM.attributes
                0x0000000000000b1e       0x34 /Users/jonnylin/gcc-arm-none-eabi/bin/../lib/gcc/arm-none-eabi/8.2.1/../../../../arm-none-eabi/lib/thumb/v7e-m+fp/hard/libc.a(lib_a-callocr.o)
 .ARM.attributes
                0x0000000000000b52       0x34 /Users/jonnylin/gcc-arm-none-eabi/bin/../lib/gcc/arm-none-eabi/8.2.1/../../../../arm-none-eabi/lib/thumb/v7e-m+fp/hard/libc.a(lib_a-closer.o)
 .ARM.attributes
                0x0000000000000b86       0x34 /Users/jonnylin/gcc-arm-none-eabi/bin/../lib/gcc/arm-none-eabi/8.2.1/../../../../arm-none-eabi/lib/thumb/v7e-m+fp/hard/libc.a(lib_a-fclose.o)
 .ARM.attributes
                0x0000000000000bba       0x34 /Users/jonnylin/gcc-arm-none-eabi/bin/../lib/gcc/arm-none-eabi/8.2.1/../../../../arm-none-eabi/lib/thumb/v7e-m+fp/hard/libc.a(lib_a-fputwc.o)
 .ARM.attributes
                0x0000000000000bee       0x34 /Users/jonnylin/gcc-arm-none-eabi/bin/../lib/gcc/arm-none-eabi/8.2.1/../../../../arm-none-eabi/lib/thumb/v7e-m+fp/hard/libc.a(lib_a-fstatr.o)
 .ARM.attributes
                0x0000000000000c22       0x34 /Users/jonnylin/gcc-arm-none-eabi/bin/../lib/gcc/arm-none-eabi/8.2.1/../../../../arm-none-eabi/lib/thumb/v7e-m+fp/hard/libc.a(lib_a-fvwrite.o)
 .ARM.attributes
                0x0000000000000c56       0x34 /Users/jonnylin/gcc-arm-none-eabi/bin/../lib/gcc/arm-none-eabi/8.2.1/../../../../arm-none-eabi/lib/thumb/v7e-m+fp/hard/libc.a(lib_a-isattyr.o)
 .ARM.attributes
                0x0000000000000c8a       0x34 /Users/jonnylin/gcc-arm-none-eabi/bin/../lib/gcc/arm-none-eabi/8.2.1/../../../../arm-none-eabi/lib/thumb/v7e-m+fp/hard/libc.a(lib_a-locale.o)
 .ARM.attributes
                0x0000000000000cbe       0x34 /Users/jonnylin/gcc-arm-none-eabi/bin/../lib/gcc/arm-none-eabi/8.2.1/../../../../arm-none-eabi/lib/thumb/v7e-m+fp/hard/libc.a(lib_a-lseekr.o)
 .ARM.attributes
                0x0000000000000cf2       0x34 /Users/jonnylin/gcc-arm-none-eabi/bin/../lib/gcc/arm-none-eabi/8.2.1/../../../../arm-none-eabi/lib/thumb/v7e-m+fp/hard/libc.a(lib_a-mbtowc_r.o)
 .ARM.attributes
                0x0000000000000d26       0x34 /Users/jonnylin/gcc-arm-none-eabi/bin/../lib/gcc/arm-none-eabi/8.2.1/../../../../arm-none-eabi/lib/thumb/v7e-m+fp/hard/libc.a(lib_a-memmove.o)
 .ARM.attributes
                0x0000000000000d5a       0x34 /Users/jonnylin/gcc-arm-none-eabi/bin/../lib/gcc/arm-none-eabi/8.2.1/../../../../arm-none-eabi/lib/thumb/v7e-m+fp/hard/libc.a(lib_a-readr.o)
 .ARM.attributes
                0x0000000000000d8e       0x34 /Users/jonnylin/gcc-arm-none-eabi/bin/../lib/gcc/arm-none-eabi/8.2.1/../../../../arm-none-eabi/lib/thumb/v7e-m+fp/hard/libc.a(lib_a-reallocr.o)
 .ARM.attributes
                0x0000000000000dc2       0x34 /Users/jonnylin/gcc-arm-none-eabi/bin/../lib/gcc/arm-none-eabi/8.2.1/../../../../arm-none-eabi/lib/thumb/v7e-m+fp/hard/libc.a(lib_a-reent.o)
 .ARM.attributes
                0x0000000000000df6       0x34 /Users/jonnylin/gcc-arm-none-eabi/bin/../lib/gcc/arm-none-eabi/8.2.1/../../../../arm-none-eabi/lib/thumb/v7e-m+fp/hard/libc.a(lib_a-wbuf.o)
 .ARM.attributes
                0x0000000000000e2a       0x34 /Users/jonnylin/gcc-arm-none-eabi/bin/../lib/gcc/arm-none-eabi/8.2.1/../../../../arm-none-eabi/lib/thumb/v7e-m+fp/hard/libc.a(lib_a-wcrtomb.o)
 .ARM.attributes
                0x0000000000000e5e       0x34 /Users/jonnylin/gcc-arm-none-eabi/bin/../lib/gcc/arm-none-eabi/8.2.1/../../../../arm-none-eabi/lib/thumb/v7e-m+fp/hard/libc.a(lib_a-wctomb_r.o)
 .ARM.attributes
                0x0000000000000e92       0x32 /Users/jonnylin/gcc-arm-none-eabi/bin/../lib/gcc/arm-none-eabi/8.2.1/../../../../arm-none-eabi/lib/thumb/v7e-m+fp/hard/libc.a(lib_a-ctype_.o)
 .ARM.attributes
                0x0000000000000ec4       0x34 /Users/jonnylin/gcc-arm-none-eabi/bin/../lib/gcc/arm-none-eabi/8.2.1/../../../../arm-none-eabi/lib/thumb/v7e-m+fp/hard/libnosys.a(close.o)
 .ARM.attributes
                0x0000000000000ef8       0x34 /Users/jonnylin/gcc-arm-none-eabi/bin/../lib/gcc/arm-none-eabi/8.2.1/../../../../arm-none-eabi/lib/thumb/v7e-m+fp/hard/libnosys.a(fstat.o)
 .ARM.attributes
                0x0000000000000f2c       0x34 /Users/jonnylin/gcc-arm-none-eabi/bin/../lib/gcc/arm-none-eabi/8.2.1/../../../../arm-none-eabi/lib/thumb/v7e-m+fp/hard/libnosys.a(isatty.o)
 .ARM.attributes
                0x0000000000000f60       0x34 /Users/jonnylin/gcc-arm-none-eabi/bin/../lib/gcc/arm-none-eabi/8.2.1/../../../../arm-none-eabi/lib/thumb/v7e-m+fp/hard/libnosys.a(lseek.o)
 .ARM.attributes
                0x0000000000000f94       0x34 /Users/jonnylin/gcc-arm-none-eabi/bin/../lib/gcc/arm-none-eabi/8.2.1/../../../../arm-none-eabi/lib/thumb/v7e-m+fp/hard/libnosys.a(read.o)
 .ARM.attributes
                0x0000000000000fc8       0x34 /Users/jonnylin/gcc-arm-none-eabi/bin/../lib/gcc/arm-none-eabi/8.2.1/../../../../arm-none-eabi/lib/thumb/v7e-m+fp/hard/libnosys.a(sbrk.o)
 .ARM.attributes
                0x0000000000000ffc       0x34 /Users/jonnylin/gcc-arm-none-eabi/bin/../lib/gcc/arm-none-eabi/8.2.1/../../../../arm-none-eabi/lib/thumb/v7e-m+fp/hard/libnosys.a(_exit.o)
 .ARM.attributes
                0x0000000000001030       0x1e /Users/jonnylin/gcc-arm-none-eabi/bin/../lib/gcc/arm-none-eabi/8.2.1/thumb/v7e-m+fp/hard/libgcc.a(_arm_addsubdf3.o)
 .ARM.attributes
                0x000000000000104e       0x1e /Users/jonnylin/gcc-arm-none-eabi/bin/../lib/gcc/arm-none-eabi/8.2.1/thumb/v7e-m+fp/hard/libgcc.a(_arm_muldivdf3.o)
 .ARM.attributes
                0x000000000000106c       0x1e /Users/jonnylin/gcc-arm-none-eabi/bin/../lib/gcc/arm-none-eabi/8.2.1/thumb/v7e-m+fp/hard/libgcc.a(_arm_cmpdf2.o)
 .ARM.attributes
                0x000000000000108a       0x1e /Users/jonnylin/gcc-arm-none-eabi/bin/../lib/gcc/arm-none-eabi/8.2.1/thumb/v7e-m+fp/hard/libgcc.a(_arm_unorddf2.o)
 .ARM.attributes
                0x00000000000010a8       0x1e /Users/jonnylin/gcc-arm-none-eabi/bin/../lib/gcc/arm-none-eabi/8.2.1/thumb/v7e-m+fp/hard/libgcc.a(_arm_fixdfsi.o)
 .ARM.attributes
                0x00000000000010c6       0x1e /Users/jonnylin/gcc-arm-none-eabi/bin/../lib/gcc/arm-none-eabi/8.2.1/thumb/v7e-m+fp/hard/libgcc.a(_aeabi_uldivmod.o)
 .ARM.attributes
                0x00000000000010e4       0x34 /Users/jonnylin/gcc-arm-none-eabi/bin/../lib/gcc/arm-none-eabi/8.2.1/thumb/v7e-m+fp/hard/libgcc.a(_udivmoddi4.o)
 .ARM.attributes
                0x0000000000001118       0x1e /Users/jonnylin/gcc-arm-none-eabi/bin/../lib/gcc/arm-none-eabi/8.2.1/thumb/v7e-m+fp/hard/libgcc.a(_dvmd_tls.o)
 .ARM.attributes
                0x0000000000001136       0x32 /Users/jonnylin/gcc-arm-none-eabi/bin/../lib/gcc/arm-none-eabi/8.2.1/thumb/v7e-m+fp/hard/crtend.o
 .ARM.attributes
                0x0000000000001168       0x1e /Users/jonnylin/gcc-arm-none-eabi/bin/../lib/gcc/arm-none-eabi/8.2.1/thumb/v7e-m+fp/hard/crtn.o

.comment        0x0000000000000000      0x172
 .comment       0x0000000000000000       0x75 obj/main.o
                                         0x76 (size before relaxing)
 .comment       0x0000000000000075       0x7e library.a(initialize.o)
                                         0x7f (size before relaxing)
 .comment       0x00000000000000f3       0x7f library.a(stm32f429i_discovery.o)
                                         0x80 (size before relaxing)
 .comment       0x0000000000000172       0x80 library.a(stm32f429i_discovery_lcd.o)
 .comment       0x0000000000000172       0x80 library.a(stm32f429i_discovery_sdram.o)
 .comment       0x0000000000000172       0x80 library.a(stm32f4xx_hal.o)
 .comment       0x0000000000000172       0x80 library.a(stm32f4xx_hal_cortex.o)
 .comment       0x0000000000000172       0x80 library.a(stm32f4xx_hal_dma.o)
 .comment       0x0000000000000172       0x80 library.a(stm32f4xx_hal_dma2d.o)
 .comment       0x0000000000000172       0x80 library.a(stm32f4xx_hal_gpio.o)
 .comment       0x0000000000000172       0x80 library.a(stm32f4xx_hal_ltdc.o)
 .comment       0x0000000000000172       0x80 library.a(stm32f4xx_hal_rcc.o)
 .comment       0x0000000000000172       0x80 library.a(stm32f4xx_hal_rcc_ex.o)
 .comment       0x0000000000000172       0x80 library.a(stm32f4xx_hal_sdram.o)
 .comment       0x0000000000000172       0x80 library.a(stm32f4xx_hal_spi.o)
 .comment       0x0000000000000172       0x80 library.a(stm32f4xx_it.o)
 .comment       0x0000000000000172       0x80 library.a(stm32f4xx_ll_fmc.o)
 .comment       0x0000000000000172       0x80 library.a(system_stm32f4xx.o)
 .comment       0x0000000000000172       0x80 library.a(ili9341.o)

.debug_frame    0x0000000000000000     0x13f8
 .debug_frame   0x0000000000000000       0x28 /Users/jonnylin/gcc-arm-none-eabi/bin/../lib/gcc/arm-none-eabi/8.2.1/../../../../arm-none-eabi/lib/thumb/v7e-m+fp/hard/libc.a(lib_a-exit.o)
 .debug_frame   0x0000000000000028       0x2c /Users/jonnylin/gcc-arm-none-eabi/bin/../lib/gcc/arm-none-eabi/8.2.1/../../../../arm-none-eabi/lib/thumb/v7e-m+fp/hard/libc.a(lib_a-init.o)
 .debug_frame   0x0000000000000054       0x38 /Users/jonnylin/gcc-arm-none-eabi/bin/../lib/gcc/arm-none-eabi/8.2.1/../../../../arm-none-eabi/lib/thumb/v7e-m+fp/hard/libc.a(lib_a-memset.o)
 .debug_frame   0x000000000000008c       0x74 /Users/jonnylin/gcc-arm-none-eabi/bin/../lib/gcc/arm-none-eabi/8.2.1/../../../../arm-none-eabi/lib/thumb/v7e-m+fp/hard/libc.a(lib_a-printf.o)
 .debug_frame   0x0000000000000100       0x20 /Users/jonnylin/gcc-arm-none-eabi/bin/../lib/gcc/arm-none-eabi/8.2.1/../../../../arm-none-eabi/lib/thumb/v7e-m+fp/hard/libc.a(lib_a-strcpy.o)
 .debug_frame   0x0000000000000120       0x90 /Users/jonnylin/gcc-arm-none-eabi/bin/../lib/gcc/arm-none-eabi/8.2.1/../../../../arm-none-eabi/lib/thumb/v7e-m+fp/hard/libc.a(lib_a-vfprintf.o)
 .debug_frame   0x00000000000001b0       0x2c /Users/jonnylin/gcc-arm-none-eabi/bin/../lib/gcc/arm-none-eabi/8.2.1/../../../../arm-none-eabi/lib/thumb/v7e-m+fp/hard/libc.a(lib_a-wsetup.o)
 .debug_frame   0x00000000000001dc       0x5c /Users/jonnylin/gcc-arm-none-eabi/bin/../lib/gcc/arm-none-eabi/8.2.1/../../../../arm-none-eabi/lib/thumb/v7e-m+fp/hard/libc.a(lib_a-__call_atexit.o)
 .debug_frame   0x0000000000000238       0x20 /Users/jonnylin/gcc-arm-none-eabi/bin/../lib/gcc/arm-none-eabi/8.2.1/../../../../arm-none-eabi/lib/thumb/v7e-m+fp/hard/libc.a(lib_a-atexit.o)
 .debug_frame   0x0000000000000258       0x8c /Users/jonnylin/gcc-arm-none-eabi/bin/../lib/gcc/arm-none-eabi/8.2.1/../../../../arm-none-eabi/lib/thumb/v7e-m+fp/hard/libc.a(lib_a-dtoa.o)
 .debug_frame   0x00000000000002e4       0x5c /Users/jonnylin/gcc-arm-none-eabi/bin/../lib/gcc/arm-none-eabi/8.2.1/../../../../arm-none-eabi/lib/thumb/v7e-m+fp/hard/libc.a(lib_a-fflush.o)
 .debug_frame   0x0000000000000340      0x148 /Users/jonnylin/gcc-arm-none-eabi/bin/../lib/gcc/arm-none-eabi/8.2.1/../../../../arm-none-eabi/lib/thumb/v7e-m+fp/hard/libc.a(lib_a-findfp.o)
 .debug_frame   0x0000000000000488       0x34 /Users/jonnylin/gcc-arm-none-eabi/bin/../lib/gcc/arm-none-eabi/8.2.1/../../../../arm-none-eabi/lib/thumb/v7e-m+fp/hard/libc.a(lib_a-fini.o)
 .debug_frame   0x00000000000004bc       0x80 /Users/jonnylin/gcc-arm-none-eabi/bin/../lib/gcc/arm-none-eabi/8.2.1/../../../../arm-none-eabi/lib/thumb/v7e-m+fp/hard/libc.a(lib_a-freer.o)
 .debug_frame   0x000000000000053c       0x54 /Users/jonnylin/gcc-arm-none-eabi/bin/../lib/gcc/arm-none-eabi/8.2.1/../../../../arm-none-eabi/lib/thumb/v7e-m+fp/hard/libc.a(lib_a-fwalk.o)
 .debug_frame   0x0000000000000590       0x40 /Users/jonnylin/gcc-arm-none-eabi/bin/../lib/gcc/arm-none-eabi/8.2.1/../../../../arm-none-eabi/lib/thumb/v7e-m+fp/hard/libc.a(lib_a-localeconv.o)
 .debug_frame   0x00000000000005d0       0xb0 /Users/jonnylin/gcc-arm-none-eabi/bin/../lib/gcc/arm-none-eabi/8.2.1/../../../../arm-none-eabi/lib/thumb/v7e-m+fp/hard/libc.a(lib_a-lock.o)
 .debug_frame   0x0000000000000680       0x64 /Users/jonnylin/gcc-arm-none-eabi/bin/../lib/gcc/arm-none-eabi/8.2.1/../../../../arm-none-eabi/lib/thumb/v7e-m+fp/hard/libc.a(lib_a-makebuf.o)
 .debug_frame   0x00000000000006e4       0x4c /Users/jonnylin/gcc-arm-none-eabi/bin/../lib/gcc/arm-none-eabi/8.2.1/../../../../arm-none-eabi/lib/thumb/v7e-m+fp/hard/libc.a(lib_a-mallocr.o)
 .debug_frame   0x0000000000000730       0x30 /Users/jonnylin/gcc-arm-none-eabi/bin/../lib/gcc/arm-none-eabi/8.2.1/../../../../arm-none-eabi/lib/thumb/v7e-m+fp/hard/libc.a(lib_a-mlock.o)
 .debug_frame   0x0000000000000760      0x264 /Users/jonnylin/gcc-arm-none-eabi/bin/../lib/gcc/arm-none-eabi/8.2.1/../../../../arm-none-eabi/lib/thumb/v7e-m+fp/hard/libc.a(lib_a-mprec.o)
 .debug_frame   0x00000000000009c4       0x2c /Users/jonnylin/gcc-arm-none-eabi/bin/../lib/gcc/arm-none-eabi/8.2.1/../../../../arm-none-eabi/lib/thumb/v7e-m+fp/hard/libc.a(lib_a-s_frexp.o)
 .debug_frame   0x00000000000009f0       0x2c /Users/jonnylin/gcc-arm-none-eabi/bin/../lib/gcc/arm-none-eabi/8.2.1/../../../../arm-none-eabi/lib/thumb/v7e-m+fp/hard/libc.a(lib_a-sbrkr.o)
 .debug_frame   0x0000000000000a1c       0x8c /Users/jonnylin/gcc-arm-none-eabi/bin/../lib/gcc/arm-none-eabi/8.2.1/../../../../arm-none-eabi/lib/thumb/v7e-m+fp/hard/libc.a(lib_a-stdio.o)
 .debug_frame   0x0000000000000aa8       0x38 /Users/jonnylin/gcc-arm-none-eabi/bin/../lib/gcc/arm-none-eabi/8.2.1/../../../../arm-none-eabi/lib/thumb/v7e-m+fp/hard/libc.a(lib_a-strncpy.o)
 .debug_frame   0x0000000000000ae0       0xd0 /Users/jonnylin/gcc-arm-none-eabi/bin/../lib/gcc/arm-none-eabi/8.2.1/../../../../arm-none-eabi/lib/thumb/v7e-m+fp/hard/libc.a(lib_a-vfiprintf.o)
 .debug_frame   0x0000000000000bb0       0x2c /Users/jonnylin/gcc-arm-none-eabi/bin/../lib/gcc/arm-none-eabi/8.2.1/../../../../arm-none-eabi/lib/thumb/v7e-m+fp/hard/libc.a(lib_a-writer.o)
 .debug_frame   0x0000000000000bdc       0x30 /Users/jonnylin/gcc-arm-none-eabi/bin/../lib/gcc/arm-none-eabi/8.2.1/../../../../arm-none-eabi/lib/thumb/v7e-m+fp/hard/libc.a(lib_a-__atexit.o)
 .debug_frame   0x0000000000000c0c       0x28 /Users/jonnylin/gcc-arm-none-eabi/bin/../lib/gcc/arm-none-eabi/8.2.1/../../../../arm-none-eabi/lib/thumb/v7e-m+fp/hard/libc.a(lib_a-callocr.o)
 .debug_frame   0x0000000000000c34       0x2c /Users/jonnylin/gcc-arm-none-eabi/bin/../lib/gcc/arm-none-eabi/8.2.1/../../../../arm-none-eabi/lib/thumb/v7e-m+fp/hard/libc.a(lib_a-closer.o)
 .debug_frame   0x0000000000000c60       0x3c /Users/jonnylin/gcc-arm-none-eabi/bin/../lib/gcc/arm-none-eabi/8.2.1/../../../../arm-none-eabi/lib/thumb/v7e-m+fp/hard/libc.a(lib_a-fclose.o)
 .debug_frame   0x0000000000000c9c       0x9c /Users/jonnylin/gcc-arm-none-eabi/bin/../lib/gcc/arm-none-eabi/8.2.1/../../../../arm-none-eabi/lib/thumb/v7e-m+fp/hard/libc.a(lib_a-fputwc.o)
 .debug_frame   0x0000000000000d38       0x2c /Users/jonnylin/gcc-arm-none-eabi/bin/../lib/gcc/arm-none-eabi/8.2.1/../../../../arm-none-eabi/lib/thumb/v7e-m+fp/hard/libc.a(lib_a-fstatr.o)
 .debug_frame   0x0000000000000d64       0x64 /Users/jonnylin/gcc-arm-none-eabi/bin/../lib/gcc/arm-none-eabi/8.2.1/../../../../arm-none-eabi/lib/thumb/v7e-m+fp/hard/libc.a(lib_a-fvwrite.o)
 .debug_frame   0x0000000000000dc8       0x2c /Users/jonnylin/gcc-arm-none-eabi/bin/../lib/gcc/arm-none-eabi/8.2.1/../../../../arm-none-eabi/lib/thumb/v7e-m+fp/hard/libc.a(lib_a-isattyr.o)
 .debug_frame   0x0000000000000df4       0x54 /Users/jonnylin/gcc-arm-none-eabi/bin/../lib/gcc/arm-none-eabi/8.2.1/../../../../arm-none-eabi/lib/thumb/v7e-m+fp/hard/libc.a(lib_a-locale.o)
 .debug_frame   0x0000000000000e48       0x2c /Users/jonnylin/gcc-arm-none-eabi/bin/../lib/gcc/arm-none-eabi/8.2.1/../../../../arm-none-eabi/lib/thumb/v7e-m+fp/hard/libc.a(lib_a-lseekr.o)
 .debug_frame   0x0000000000000e74       0x4c /Users/jonnylin/gcc-arm-none-eabi/bin/../lib/gcc/arm-none-eabi/8.2.1/../../../../arm-none-eabi/lib/thumb/v7e-m+fp/hard/libc.a(lib_a-mbtowc_r.o)
 .debug_frame   0x0000000000000ec0       0x40 /Users/jonnylin/gcc-arm-none-eabi/bin/../lib/gcc/arm-none-eabi/8.2.1/../../../../arm-none-eabi/lib/thumb/v7e-m+fp/hard/libc.a(lib_a-memmove.o)
 .debug_frame   0x0000000000000f00       0x2c /Users/jonnylin/gcc-arm-none-eabi/bin/../lib/gcc/arm-none-eabi/8.2.1/../../../../arm-none-eabi/lib/thumb/v7e-m+fp/hard/libc.a(lib_a-readr.o)
 .debug_frame   0x0000000000000f2c       0x48 /Users/jonnylin/gcc-arm-none-eabi/bin/../lib/gcc/arm-none-eabi/8.2.1/../../../../arm-none-eabi/lib/thumb/v7e-m+fp/hard/libc.a(lib_a-reallocr.o)
 .debug_frame   0x0000000000000f74       0x60 /Users/jonnylin/gcc-arm-none-eabi/bin/../lib/gcc/arm-none-eabi/8.2.1/../../../../arm-none-eabi/lib/thumb/v7e-m+fp/hard/libc.a(lib_a-reent.o)
 .debug_frame   0x0000000000000fd4       0x40 /Users/jonnylin/gcc-arm-none-eabi/bin/../lib/gcc/arm-none-eabi/8.2.1/../../../../arm-none-eabi/lib/thumb/v7e-m+fp/hard/libc.a(lib_a-wbuf.o)
 .debug_frame   0x0000000000001014       0x64 /Users/jonnylin/gcc-arm-none-eabi/bin/../lib/gcc/arm-none-eabi/8.2.1/../../../../arm-none-eabi/lib/thumb/v7e-m+fp/hard/libc.a(lib_a-wcrtomb.o)
 .debug_frame   0x0000000000001078       0x3c /Users/jonnylin/gcc-arm-none-eabi/bin/../lib/gcc/arm-none-eabi/8.2.1/../../../../arm-none-eabi/lib/thumb/v7e-m+fp/hard/libc.a(lib_a-wctomb_r.o)
 .debug_frame   0x00000000000010b4       0x20 /Users/jonnylin/gcc-arm-none-eabi/bin/../lib/gcc/arm-none-eabi/8.2.1/../../../../arm-none-eabi/lib/thumb/v7e-m+fp/hard/libnosys.a(close.o)
 .debug_frame   0x00000000000010d4       0x20 /Users/jonnylin/gcc-arm-none-eabi/bin/../lib/gcc/arm-none-eabi/8.2.1/../../../../arm-none-eabi/lib/thumb/v7e-m+fp/hard/libnosys.a(fstat.o)